2026-07-02T09:35:22.842099422Z [err]          la.state_names                      AS all_states,
2026-07-02T09:35:22.842102682Z [err]          la.city_names                       AS all_cities,
2026-07-02T09:35:22.842106042Z [err]          COALESCE(pa.paid_total, 0)          AS paid_total,
2026-07-02T09:35:22.842109972Z [err]          COALESCE(pa.student_count, 0)       AS student_count,
2026-07-02T09:35:22.842113222Z [err]          COALESCE(pa.payment_count, 0)       AS payment_count,
2026-07-02T09:35:22.842116451Z [err]          pa.payment_date                     AS payment_date
2026-07-02T09:35:22.842119441Z [err]      FROM (
2026-07-02T09:35:22.842123651Z [err]          SELECT DISTINCT pay.cartId
2026-07-02T09:35:22.842127131Z [err]          FROM payment pay
2026-07-02T09:35:22.842130531Z [err]          WHERE pay.updatedAt > %s
2026-07-02T09:35:22.842133631Z [err]      ) affected
2026-07-02T09:35:22.842898884Z [err]                  ),
2026-07-02T09:35:22.842904914Z [err]      JOIN cart c ON c.id = affected.cartId
2026-07-02T09:35:22.842908894Z [err]                  SUBSTRING_INDEX(GROUP_CONCAT(stateName ORDER BY id SEPARATOR '||'), '||', 1)
2026-07-02T09:35:22.842915804Z [err]              ) AS stateName,
2026-07-02T09:35:22.842917024Z [err]      JOIN cart_product cp ON cp.cartId = c.id
2026-07-02T09:35:22.842917894Z [err]                          GROUP_CONCAT(
2026-07-02T09:35:22.842924773Z [err]      JOIN product p ON cp.productId = p.id
2026-07-02T09:35:22.842932333Z [err]      LEFT JOIN exam_cat ec ON p.examId = ec.id
2026-07-02T09:35:22.842932503Z [err]                              CASE WHEN isFavorite = 1 THEN stateName END
2026-07-02T09:35:22.842942183Z [err]      JOIN seller_lead sl ON c.sellerLeadId = sl.id
2026-07-02T09:35:22.842942533Z [err]                              ORDER BY id SEPARATOR '||'
2026-07-02T09:35:22.842949903Z [err]                          ),
2026-07-02T09:35:22.842951793Z [err]      JOIN seller s ON sl.sellerId = s.id
2026-07-02T09:35:22.842956043Z [err]                          '||',
2026-07-02T09:35:22.842959923Z [err]      JOIN `lead` l ON sl.leadId = l.id
2026-07-02T09:35:22.842963293Z [inf]  1
2026-07-02T09:35:22.842966803Z [err]      LEFT JOIN zone z ON l.zoneId = z.id
2026-07-02T09:35:22.842971123Z [err]                      ),
2026-07-02T09:35:22.842973233Z [err]      
2026-07-02T09:35:22.842976813Z [err]                      ''
2026-07-02T09:35:22.842979423Z [err]      LEFT JOIN (
2026-07-02T09:35:22.842983703Z [err]          SELECT
2026-07-02T09:35:22.842988153Z [err]              leadId,
2026-07-02T09:35:22.842991733Z [err]              COALESCE(
2026-07-02T09:35:22.842995393Z [err]                  NULLIF(
2026-07-02T09:35:22.842999223Z [err]                      SUBSTRING_INDEX(
2026-07-02T09:35:22.843695937Z [err]      LEFT JOIN (
2026-07-02T09:35:22.843698167Z [err]              COALESCE(
2026-07-02T09:35:22.843704457Z [err]          SELECT
2026-07-02T09:35:22.843705387Z [err]                  NULLIF(
2026-07-02T09:35:22.843712477Z [err]              st.cartProductId                AS cart_product_id,
2026-07-02T09:35:22.843713217Z [err]                      SUBSTRING_INDEX(
2026-07-02T09:35:22.843719787Z [err]              COALESCE(SUM(sp.amount), 0)     AS paid_total,
2026-07-02T09:35:22.843719917Z [err]                          GROUP_CONCAT(
2026-07-02T09:35:22.843728157Z [err]              COUNT(DISTINCT st.id)           AS student_count,
2026-07-02T09:35:22.843728387Z [err]                              CASE WHEN isFavorite = 1 THEN city END
2026-07-02T09:35:22.843732787Z [err]                              ORDER BY id SEPARATOR '||'
2026-07-02T09:35:22.843735786Z [err]                          ),
2026-07-02T09:35:22.843738876Z [err]                          '||',
2026-07-02T09:35:22.843742606Z [inf]  1
2026-07-02T09:35:22.843745666Z [err]                      ),
2026-07-02T09:35:22.843748736Z [err]                      ''
2026-07-02T09:35:22.843751776Z [err]                  ),
2026-07-02T09:35:22.843754806Z [err]                  SUBSTRING_INDEX(GROUP_CONCAT(city ORDER BY id SEPARATOR '||'), '||', 1)
2026-07-02T09:35:22.843757996Z [err]              ) AS city,
2026-07-02T09:35:22.843761066Z [err]              GROUP_CONCAT(DISTINCT stateName ORDER BY stateName SEPARATOR '||') AS state_names,
2026-07-02T09:35:22.843763916Z [err]              GROUP_CONCAT(DISTINCT city ORDER BY city SEPARATOR '||') AS city_names
2026-07-02T09:35:22.843766946Z [err]          FROM lead_address
2026-07-02T09:35:22.843769726Z [err]          WHERE deletedAt IS NULL
2026-07-02T09:35:22.843773276Z [err]          GROUP BY leadId
2026-07-02T09:35:22.843776586Z [err]      ) la ON la.leadId = l.id
2026-07-02T09:35:22.843779566Z [err]  
2026-07-02T09:35:22.844445769Z [err]              COUNT(DISTINCT sp.payment_id)   AS payment_count,
2026-07-02T09:35:22.844451089Z [err]              MAX(pay.paymentDate)            AS payment_date
2026-07-02T09:35:22.844453769Z [err]          FROM student_payments sp
2026-07-02T09:35:22.844459189Z [err]          JOIN student st ON sp.student_id = st.id
2026-07-02T09:35:22.844461499Z [err]      )
2026-07-02T09:35:22.844465179Z [err]          JOIN payment pay ON sp.payment_id = pay.id
2026-07-02T09:35:22.844471579Z [err]          WHERE pay.status = %s
2026-07-02T09:35:22.844472939Z [err]  ]
2026-07-02T09:35:22.844476489Z [err]          GROUP BY st.cartProductId
2026-07-02T09:35:22.844482439Z [err]      ) pa ON pa.cart_product_id = cp.id
2026-07-02T09:35:22.844483709Z [err]  [parameters: (datetime.datetime(2026, 7, 2, 6, 35, 19, 758001), 'Aprobado', 'Aprobado')]
2026-07-02T09:35:22.844488009Z [err]      WHERE c.deletedAt IS NULL
2026-07-02T09:35:22.844494929Z [err]      AND cp.deletedAt IS NULL
2026-07-02T09:35:22.844495549Z [err]  (Background on this error at: https://sqlalche.me/e/20/e3q8)
2026-07-02T09:35:22.844499399Z [err]      AND EXISTS (
2026-07-02T09:35:22.844502319Z [err]          SELECT 1
2026-07-02T09:35:22.844505289Z [err]          FROM payment pay2
2026-07-02T09:35:22.844508709Z [err]          WHERE pay2.cartId = c.id
2026-07-02T09:35:22.844511479Z [err]          AND pay2.status = %s
2026-07-02T12:35:26.909774415Z [err]  2026-07-02T12:35:19 INFO     apscheduler.executors.default — Running job "run_upsert (trigger: interval[3:00:00], next run at: 2026-07-02 15:35:19 UTC)" (scheduled at 2026-07-02 12:35:19.757175+00:00)
2026-07-02T12:35:26.909782215Z [err]  2026-07-02T12:35:20 ERROR    apscheduler.executors.default — Job "run_upsert (trigger: interval[3:00:00], next run at: 2026-07-02 15:35:19 UTC)" raised an exception
2026-07-02T12:35:26.909786435Z [err]  Traceback (most recent call last):
2026-07-02T12:35:26.909789355Z [err]    File "/usr/local/lib/python3.12/site-packages/aiomysql/connection.py", line 657, in _read_bytes
2026-07-02T12:35:26.909791825Z [err]      data = await self._reader.readexactly(num_bytes)
2026-07-02T12:35:26.909795015Z [err]             ^^^^^^^^^^^^^^^^^^^^^^^^^^^^^^^^^^^^^^^^^
2026-07-02T12:35:26.909797435Z [err]    File "/usr/local/lib/python3.12/asyncio/streams.py", line 750, in readexactly
2026-07-02T12:35:26.909799985Z [err]      raise exceptions.IncompleteReadError(incomplete, n)
2026-07-02T12:35:26.909802615Z [err]  asyncio.exceptions.IncompleteReadError: 0 bytes read on a total of 4 expected bytes
2026-07-02T12:35:26.909805705Z [err]  
2026-07-02T12:35:26.909808915Z [err]  The above exception was the direct cause of the following exception:
2026-07-02T12:35:26.909811725Z [err]  
2026-07-02T12:35:26.909814515Z [err]  Traceback (most recent call last):
2026-07-02T12:35:26.909818545Z [err]    File "/usr/local/lib/python3.12/site-packages/sqlalchemy/engine/base.py", line 1967, in _exec_single_context
2026-07-02T12:35:26.909821195Z [err]      self.dialect.do_execute(
2026-07-02T12:35:26.909834055Z [err]    File "/usr/local/lib/python3.12/site-packages/sqlalchemy/engine/default.py", line 941, in do_execute
2026-07-02T12:35:26.909837434Z [err]      cursor.execute(statement, parameters)
2026-07-02T12:35:26.909842574Z [err]    File "/usr/local/lib/python3.12/site-packages/sqlalchemy/dialects/mysql/aiomysql.py", line 95, in execute
2026-07-02T12:35:26.910527798Z [err]      return self.await_(self._execute_async(operation, parameters))
2026-07-02T12:35:26.910531468Z [err]             ^^^^^^^^^^^^^^^^^^^^^^^^^^^^^^^^^^^^^^^^^^^^^^^^^^^^^^^
2026-07-02T12:35:26.910536198Z [err]    File "/usr/local/lib/python3.12/site-packages/sqlalchemy/util/_concurrency_py3k.py", line 132, in await_only
2026-07-02T12:35:26.910539228Z [err]    File "/usr/local/lib/python3.12/site-packages/aiomysql/cursors.py", line 457, in _query
2026-07-02T12:35:26.910541728Z [err]      return current.parent.switch(awaitable)  # type: ignore[no-any-return,attr-defined] # noqa: E501
2026-07-02T12:35:26.910544718Z [err]             ^^^^^^^^^^^^^^^^^^^^^^^^^^^^^^^^
2026-07-02T12:35:26.910545938Z [err]      await conn.query(q)
2026-07-02T12:35:26.910547398Z [err]    File "/usr/local/lib/python3.12/site-packages/sqlalchemy/util/_concurrency_py3k.py", line 196, in greenlet_spawn
2026-07-02T12:35:26.910550998Z [err]    File "/usr/local/lib/python3.12/site-packages/aiomysql/connection.py", line 469, in query
2026-07-02T12:35:26.910555508Z [err]      await self._read_query_result(unbuffered=unbuffered)
2026-07-02T12:35:26.910556988Z [err]      value = await result
2026-07-02T12:35:26.910559808Z [err]    File "/usr/local/lib/python3.12/site-packages/aiomysql/connection.py", line 683, in _read_query_result
2026-07-02T12:35:26.910560518Z [err]              ^^^^^^^^^^^^
2026-07-02T12:35:26.910566368Z [err]    File "/usr/local/lib/python3.12/site-packages/sqlalchemy/dialects/mysql/aiomysql.py", line 104, in _execute_async
2026-07-02T12:35:26.910569428Z [err]      result = await self._cursor.execute(operation, parameters)
2026-07-02T12:35:26.910573238Z [err]               ^^^^^^^^^^^^^^^^^^^^^^^^^^^^^^^^^^^^^^^^^^^^^^^^^
2026-07-02T12:35:26.910576438Z [err]    File "/usr/local/lib/python3.12/site-packages/aiomysql/cursors.py", line 239, in execute
2026-07-02T12:35:26.910579218Z [err]      await self._query(query)
2026-07-02T12:35:26.911133234Z [err]      await result.read()
2026-07-02T12:35:26.911135904Z [err]    File "/usr/local/lib/python3.12/site-packages/aiomysql/connection.py", line 1164, in read
2026-07-02T12:35:26.911140024Z [err]      first_packet = await self.connection._read_packet()
2026-07-02T12:35:26.911141364Z [err]    File "/usr/local/lib/python3.12/site-packages/apscheduler/executors/base_py3.py", line 30, in run_coroutine_job
2026-07-02T12:35:26.911142434Z [err]                     ^^^^^^^^^^^^^^^^^^^^^^^^^^^^^^^^^^^^
2026-07-02T12:35:26.911145394Z [err]    File "/usr/local/lib/python3.12/site-packages/aiomysql/connection.py", line 609, in _read_packet
2026-07-02T12:35:26.911145974Z [err]      raise OperationalError(CR.CR_SERVER_LOST, msg) from e
2026-07-02T12:35:26.911146644Z [err]      retval = await job.func(*job.args, **job.kwargs)
2026-07-02T12:35:26.911148214Z [err]      packet_header = await self._read_bytes(4)
2026-07-02T12:35:26.911150684Z [err]                      ^^^^^^^^^^^^^^^^^^^^^^^^^
2026-07-02T12:35:26.911151184Z [err]               ^^^^^^^^^^^^^^^^^^^^^^^^^^^^^^^^^^^^^^^
2026-07-02T12:35:26.911151914Z [err]  pymysql.err.OperationalError: (2013, 'Lost connection to MySQL server during query')
2026-07-02T12:35:26.911153634Z [err]    File "/usr/local/lib/python3.12/site-packages/aiomysql/connection.py", line 661, in _read_bytes
2026-07-02T12:35:26.911154994Z [err]    File "/app/app/etl/upsert.py", line 568, in run_upsert
2026-07-02T12:35:26.911156914Z [err]  
2026-07-02T12:35:26.911159154Z [err]      ) = await _extract_all(since)
2026-07-02T12:35:26.911162114Z [err]  The above exception was the direct cause of the following exception:
2026-07-02T12:35:26.911163484Z [err]          ^^^^^^^^^^^^^^^^^^^^^^^^^
2026-07-02T12:35:26.911166324Z [err]  
2026-07-02T12:35:26.911167144Z [err]    File "/app/app/etl/upsert.py", line 193, in _extract_all
2026-07-02T12:35:26.911170714Z [err]  Traceback (most recent call last):
2026-07-02T12:35:26.911841318Z [err]      ) = await asyncio.gather(
2026-07-02T12:35:26.911848098Z [err]          ^^^^^^^^^^^^^^^^^^^^^
2026-07-02T12:35:26.911854668Z [err]    File "/app/app/etl/upsert.py", line 179, in _fetch_mappings
2026-07-02T12:35:26.911858008Z [err]    File "/usr/local/lib/python3.12/site-packages/sqlalchemy/ext/asyncio/session.py", line 461, in execute
2026-07-02T12:35:26.911860338Z [err]      result = await source.execute(text(query), params)
2026-07-02T12:35:26.911862258Z [err]    File "/usr/local/lib/python3.12/site-packages/sqlalchemy/engine/base.py", line 1418, in execute
2026-07-02T12:35:26.911865978Z [err]      result = await greenlet_spawn(
2026-07-02T12:35:26.911866298Z [err]               ^^^^^^^^^^^^^^^^^^^^^^^^^^^^^^^^^^^^^^^^^
2026-07-02T12:35:26.911868008Z [err]      return meth(
2026-07-02T12:35:26.911871618Z [err]               ^^^^^^^^^^^^^^^^^^^^^
2026-07-02T12:35:26.911874168Z [err]             ^^^^^
2026-07-02T12:35:26.911875268Z [err]      result = context.throw(*sys.exc_info())
2026-07-02T12:35:26.911878188Z [err]    File "/usr/local/lib/python3.12/site-packages/sqlalchemy/util/_concurrency_py3k.py", line 201, in greenlet_spawn
2026-07-02T12:35:26.911879808Z [err]    File "/usr/local/lib/python3.12/site-packages/sqlalchemy/sql/elements.py", line 515, in _execute_on_connection
2026-07-02T12:35:26.911881418Z [err]               ^^^^^^^^^^^^^^^^^^^^^^^^^^^^^^
2026-07-02T12:35:26.911887448Z [err]    File "/usr/local/lib/python3.12/site-packages/sqlalchemy/orm/session.py", line 2362, in execute
2026-07-02T12:35:26.911894778Z [err]      return self._execute_internal(
2026-07-02T12:35:26.911899308Z [err]             ^^^^^^^^^^^^^^^^^^^^^^^
2026-07-02T12:35:26.911909447Z [err]    File "/usr/local/lib/python3.12/site-packages/sqlalchemy/orm/session.py", line 2256, in _execute_internal
2026-07-02T12:35:26.911914757Z [err]      result = conn.execute(
2026-07-02T12:35:26.911919147Z [err]               ^^^^^^^^^^^^^
2026-07-02T12:35:26.912052056Z [err]      ret = self._execute_context(
2026-07-02T12:35:26.912056516Z [err]            ^^^^^^^^^^^^^^^^^^^^^^
2026-07-02T12:35:26.912060816Z [err]    File "/usr/local/lib/python3.12/site-packages/sqlalchemy/engine/base.py", line 1846, in _execute_context
2026-07-02T12:35:26.912064046Z [err]      return self._exec_single_context(
2026-07-02T12:35:26.912069176Z [err]             ^^^^^^^^^^^^^^^^^^^^^^^^^^
2026-07-02T12:35:26.912074526Z [err]      return connection._execute_clauseelement(
2026-07-02T12:35:26.912076586Z [err]    File "/usr/local/lib/python3.12/site-packages/sqlalchemy/engine/base.py", line 1986, in _exec_single_context
2026-07-02T12:35:26.912083446Z [err]             ^^^^^^^^^^^^^^^^^^^^^^^^^^^^^^^^^^
2026-07-02T12:35:26.912083746Z [err]      self._handle_dbapi_exception(
2026-07-02T12:35:26.912090476Z [err]    File "/usr/local/lib/python3.12/site-packages/sqlalchemy/engine/base.py", line 1640, in _execute_clauseelement
2026-07-02T12:35:26.912092756Z [err]    File "/usr/local/lib/python3.12/site-packages/sqlalchemy/engine/base.py", line 2355, in _handle_dbapi_exception
2026-07-02T12:35:26.912097006Z [err]      raise sqlalchemy_exception.with_traceback(exc_info[2]) from e
2026-07-02T12:35:26.912101866Z [err]    File "/usr/local/lib/python3.12/site-packages/sqlalchemy/engine/base.py", line 1967, in _exec_single_context
2026-07-02T12:35:26.912105216Z [err]      self.dialect.do_execute(
2026-07-02T12:35:26.912108976Z [err]    File "/usr/local/lib/python3.12/site-packages/sqlalchemy/engine/default.py", line 941, in do_execute
2026-07-02T12:35:26.912112566Z [err]      cursor.execute(statement, parameters)
2026-07-02T12:35:26.912116636Z [err]    File "/usr/local/lib/python3.12/site-packages/sqlalchemy/dialects/mysql/aiomysql.py", line 95, in execute
2026-07-02T12:35:26.912120996Z [err]      return self.await_(self._execute_async(operation, parameters))
2026-07-02T12:35:26.912126336Z [err]             ^^^^^^^^^^^^^^^^^^^^^^^^^^^^^^^^^^^^^^^^^^^^^^^^^^^^^^^
2026-07-02T12:35:26.912918850Z [err]      await self._read_query_result(unbuffered=unbuffered)
2026-07-02T12:35:26.912925330Z [err]    File "/usr/local/lib/python3.12/site-packages/aiomysql/connection.py", line 683, in _read_query_result
2026-07-02T12:35:26.912929990Z [err]      await result.read()
2026-07-02T12:35:26.912935780Z [err]    File "/usr/local/lib/python3.12/site-packages/aiomysql/connection.py", line 1164, in read
2026-07-02T12:35:26.912943299Z [err]    File "/usr/local/lib/python3.12/site-packages/sqlalchemy/util/_concurrency_py3k.py", line 132, in await_only
2026-07-02T12:35:26.912951229Z [err]      return current.parent.switch(awaitable)  # type: ignore[no-any-return,attr-defined] # noqa: E501
2026-07-02T12:35:26.912956879Z [err]             ^^^^^^^^^^^^^^^^^^^^^^^^^^^^^^^^
2026-07-02T12:35:26.912961679Z [err]    File "/usr/local/lib/python3.12/site-packages/sqlalchemy/util/_concurrency_py3k.py", line 196, in greenlet_spawn
2026-07-02T12:35:26.912965869Z [err]      value = await result
2026-07-02T12:35:26.912971349Z [err]              ^^^^^^^^^^^^
2026-07-02T12:35:26.912975829Z [err]    File "/usr/local/lib/python3.12/site-packages/sqlalchemy/dialects/mysql/aiomysql.py", line 104, in _execute_async
2026-07-02T12:35:26.912980029Z [err]      result = await self._cursor.execute(operation, parameters)
2026-07-02T12:35:26.912984319Z [err]               ^^^^^^^^^^^^^^^^^^^^^^^^^^^^^^^^^^^^^^^^^^^^^^^^^
2026-07-02T12:35:26.912988099Z [err]    File "/usr/local/lib/python3.12/site-packages/aiomysql/cursors.py", line 239, in execute
2026-07-02T12:35:26.912992459Z [err]      await self._query(query)
2026-07-02T12:35:26.912996819Z [err]    File "/usr/local/lib/python3.12/site-packages/aiomysql/cursors.py", line 457, in _query
2026-07-02T12:35:26.913000779Z [err]      await conn.query(q)
2026-07-02T12:35:26.913004819Z [err]    File "/usr/local/lib/python3.12/site-packages/aiomysql/connection.py", line 469, in query
2026-07-02T12:35:26.913184877Z [err]      first_packet = await self.connection._read_packet()
2026-07-02T12:35:26.913191347Z [err]                     ^^^^^^^^^^^^^^^^^^^^^^^^^^^^^^^^^^^^
2026-07-02T12:35:26.913195567Z [err]    File "/usr/local/lib/python3.12/site-packages/aiomysql/connection.py", line 609, in _read_packet
2026-07-02T12:35:26.913200927Z [err]      packet_header = await self._read_bytes(4)
2026-07-02T12:35:26.913205597Z [err]                      ^^^^^^^^^^^^^^^^^^^^^^^^^
2026-07-02T12:35:26.913210447Z [err]    File "/usr/local/lib/python3.12/site-packages/aiomysql/connection.py", line 661, in _read_bytes
2026-07-02T12:35:26.913214097Z [err]      raise OperationalError(CR.CR_SERVER_LOST, msg) from e
2026-07-02T12:35:26.913218357Z [err]  sqlalchemy.exc.OperationalError: (pymysql.err.OperationalError) (2013, 'Lost connection to MySQL server during query')
2026-07-02T12:35:26.913224297Z [err]  [SQL: 
2026-07-02T12:35:26.913228447Z [err]      SELECT
2026-07-02T12:35:26.913232257Z [err]          cp.id                               AS cart_product_id,
2026-07-02T12:35:26.913236477Z [err]          cp.total                            AS expected_total,
2026-07-02T12:35:26.913240497Z [err]          cp.cost                             AS expected_cost,
2026-07-02T12:35:26.913245427Z [err]          cp.quantity                         AS quantity,
2026-07-02T12:35:26.913249717Z [err]          cp.discount                         AS discount,
2026-07-02T12:35:26.913253767Z [err]          c.id                                AS cart_id,
2026-07-02T12:35:26.913257987Z [err]          c.bookCommission                    AS book_commission,
2026-07-02T12:35:26.913262067Z [err]          c.examCommission                    AS exam_commission,
2026-07-02T12:35:26.913266287Z [err]          c.createdAt                         AS created_at,
2026-07-02T12:35:26.913270027Z [err]          p.id                                AS product_id,
2026-07-02T12:35:26.913511455Z [err]          p.productType                       AS product_type,
2026-07-02T12:35:26.913515024Z [err]          ec.name                             AS exam_cat_name,
2026-07-02T12:35:26.913518864Z [err]          ec.dateType                         AS exam_date_type,
2026-07-02T12:35:26.913523804Z [err]          s.id                                AS seller_id,
2026-07-02T12:35:26.913527804Z [err]          CONCAT(s.name, ' ', s.lastName)     AS seller_name,
2026-07-02T12:35:26.913531814Z [err]          l.id                                AS lead_id,
2026-07-02T12:35:26.913535794Z [err]          l.name                              AS school_name,
2026-07-02T12:35:26.913540024Z [err]          l.site                              AS site,
2026-07-02T12:35:26.913543494Z [err]          z.name                              AS zone_name,
2026-07-02T12:35:26.913547304Z [err]          la.stateName                        AS state_name,
2026-07-02T12:35:26.913551295Z [err]          la.city                             AS city,
2026-07-02T12:35:26.913554845Z [err]          la.state_names                      AS all_states,
2026-07-02T12:35:26.913558165Z [err]          la.city_names                       AS all_cities,
2026-07-02T12:35:26.913561575Z [err]          COALESCE(pa.paid_total, 0)          AS paid_total,
2026-07-02T12:35:26.913564865Z [err]          COALESCE(pa.student_count, 0)       AS student_count,
2026-07-02T12:35:26.913568405Z [err]          COALESCE(pa.payment_count, 0)       AS payment_count,
2026-07-02T12:35:26.913571805Z [err]          pa.payment_date                     AS payment_date
2026-07-02T12:35:26.913575405Z [err]      FROM (
2026-07-02T12:35:26.913579175Z [err]          SELECT DISTINCT pay.cartId
2026-07-02T12:35:26.913583015Z [err]          FROM payment pay
2026-07-02T12:35:26.913586765Z [err]          WHERE pay.updatedAt > %s
2026-07-02T12:35:26.913590745Z [err]      ) affected
2026-07-02T12:35:26.914185340Z [inf]  1
2026-07-02T12:35:26.914185770Z [err]                      SUBSTRING_INDEX(
2026-07-02T12:35:26.914189490Z [err]      JOIN cart c ON c.id = affected.cartId
2026-07-02T12:35:26.914195830Z [err]                          GROUP_CONCAT(
2026-07-02T12:35:26.914198000Z [err]                      ),
2026-07-02T12:35:26.914200170Z [err]      JOIN cart_product cp ON cp.cartId = c.id
2026-07-02T12:35:26.914201670Z [err]                              CASE WHEN isFavorite = 1 THEN stateName END
2026-07-02T12:35:26.914206769Z [err]      JOIN product p ON cp.productId = p.id
2026-07-02T12:35:26.914208029Z [err]                              ORDER BY id SEPARATOR '||'
2026-07-02T12:35:26.914209249Z [err]                      ''
2026-07-02T12:35:26.914214399Z [err]                          ),
2026-07-02T12:35:26.914216949Z [err]      LEFT JOIN exam_cat ec ON p.examId = ec.id
2026-07-02T12:35:26.914217299Z [err]                  ),
2026-07-02T12:35:26.914221269Z [err]                          '||',
2026-07-02T12:35:26.914226659Z [err]                  SUBSTRING_INDEX(GROUP_CONCAT(stateName ORDER BY id SEPARATOR '||'), '||', 1)
2026-07-02T12:35:26.914226949Z [err]      JOIN seller_lead sl ON c.sellerLeadId = sl.id
2026-07-02T12:35:26.914233499Z [err]      JOIN seller s ON sl.sellerId = s.id
2026-07-02T12:35:26.914234469Z [err]              ) AS stateName,
2026-07-02T12:35:26.914240279Z [err]      JOIN `lead` l ON sl.leadId = l.id
2026-07-02T12:35:26.914244409Z [err]      LEFT JOIN zone z ON l.zoneId = z.id
2026-07-02T12:35:26.914247349Z [err]      
2026-07-02T12:35:26.914250229Z [err]      LEFT JOIN (
2026-07-02T12:35:26.914252919Z [err]          SELECT
2026-07-02T12:35:26.914255769Z [err]              leadId,
2026-07-02T12:35:26.914258939Z [err]              COALESCE(
2026-07-02T12:35:26.914262559Z [err]                  NULLIF(
2026-07-02T12:35:26.914540877Z [err]              COUNT(DISTINCT st.id)           AS student_count,
2026-07-02T12:35:26.914553676Z [err]          FROM lead_address
2026-07-02T12:35:26.914554016Z [err]              COALESCE(
2026-07-02T12:35:26.914558276Z [err]          WHERE deletedAt IS NULL
2026-07-02T12:35:26.914562086Z [err]                  NULLIF(
2026-07-02T12:35:26.914565126Z [err]          GROUP BY leadId
2026-07-02T12:35:26.914570266Z [err]      ) la ON la.leadId = l.id
2026-07-02T12:35:26.914572726Z [err]                      SUBSTRING_INDEX(
2026-07-02T12:35:26.914577956Z [err]                          GROUP_CONCAT(
2026-07-02T12:35:26.914578206Z [err]  
2026-07-02T12:35:26.914585366Z [err]                              CASE WHEN isFavorite = 1 THEN city END
2026-07-02T12:35:26.914585566Z [err]      LEFT JOIN (
2026-07-02T12:35:26.914592546Z [err]                              ORDER BY id SEPARATOR '||'
2026-07-02T12:35:26.914594206Z [err]          SELECT
2026-07-02T12:35:26.914598606Z [err]                          ),
2026-07-02T12:35:26.914601406Z [err]              st.cartProductId                AS cart_product_id,
2026-07-02T12:35:26.914607316Z [err]                          '||',
2026-07-02T12:35:26.914608356Z [err]              COALESCE(SUM(sp.amount), 0)     AS paid_total,
2026-07-02T12:35:26.914612036Z [inf]  1
2026-07-02T12:35:26.914616186Z [err]                      ),
2026-07-02T12:35:26.914620416Z [err]                      ''
2026-07-02T12:35:26.914624276Z [err]                  ),
2026-07-02T12:35:26.914628046Z [err]                  SUBSTRING_INDEX(GROUP_CONCAT(city ORDER BY id SEPARATOR '||'), '||', 1)
2026-07-02T12:35:26.914630836Z [err]              ) AS city,
2026-07-02T12:35:26.914634166Z [err]              GROUP_CONCAT(DISTINCT stateName ORDER BY stateName SEPARATOR '||') AS state_names,
2026-07-02T12:35:26.914637056Z [err]              GROUP_CONCAT(DISTINCT city ORDER BY city SEPARATOR '||') AS city_names
2026-07-02T12:35:26.915068143Z [err]              COUNT(DISTINCT sp.payment_id)   AS payment_count,
2026-07-02T12:35:26.915076333Z [err]              MAX(pay.paymentDate)            AS payment_date
2026-07-02T12:35:26.915081973Z [err]          FROM student_payments sp
2026-07-02T12:35:26.915086053Z [err]          JOIN student st ON sp.student_id = st.id
2026-07-02T12:35:26.915090033Z [err]          JOIN payment pay ON sp.payment_id = pay.id
2026-07-02T12:35:26.915096683Z [err]          WHERE pay.status = %s
2026-07-02T12:35:26.915100943Z [err]          GROUP BY st.cartProductId
2026-07-02T12:35:26.915104703Z [err]      ) pa ON pa.cart_product_id = cp.id
2026-07-02T12:35:26.915108033Z [err]      WHERE c.deletedAt IS NULL
2026-07-02T12:35:26.915111773Z [err]      AND cp.deletedAt IS NULL
2026-07-02T12:35:26.915115303Z [err]      AND EXISTS (
2026-07-02T12:35:26.915118753Z [err]          SELECT 1
2026-07-02T12:35:26.915123442Z [err]          FROM payment pay2
2026-07-02T12:35:26.915127062Z [err]          WHERE pay2.cartId = c.id
2026-07-02T12:35:26.915130572Z [err]          AND pay2.status = %s
2026-07-02T12:35:26.915133712Z [err]      )
2026-07-02T12:35:26.915136842Z [err]  ]
2026-07-02T12:35:26.915140352Z [err]  [parameters: (datetime.datetime(2026, 7, 2, 9, 35, 19, 758042), 'Aprobado', 'Aprobado')]
2026-07-02T12:35:26.915146662Z [err]  (Background on this error at: https://sqlalche.me/e/20/e3q8)
2026-07-02T15:35:21.951706698Z [err]  2026-07-02T15:35:19 INFO     apscheduler.executors.default — Running job "run_upsert (trigger: interval[3:00:00], next run at: 2026-07-02 18:35:19 UTC)" (scheduled at 2026-07-02 15:35:19.757175+00:00)
2026-07-02T15:35:21.951723278Z [err]  2026-07-02T15:35:20 ERROR    apscheduler.executors.default — Job "run_upsert (trigger: interval[3:00:00], next run at: 2026-07-02 18:35:19 UTC)" raised an exception
2026-07-02T15:35:21.951731728Z [err]  Traceback (most recent call last):
2026-07-02T15:35:21.951737678Z [err]    File "/usr/local/lib/python3.12/site-packages/aiomysql/connection.py", line 657, in _read_bytes
2026-07-02T15:35:21.951742408Z [err]      data = await self._reader.readexactly(num_bytes)
2026-07-02T15:35:21.951746988Z [err]             ^^^^^^^^^^^^^^^^^^^^^^^^^^^^^^^^^^^^^^^^^
2026-07-02T15:35:21.951751758Z [err]    File "/usr/local/lib/python3.12/asyncio/streams.py", line 750, in readexactly
2026-07-02T15:35:21.951755688Z [err]      raise exceptions.IncompleteReadError(incomplete, n)
2026-07-02T15:35:21.951759357Z [err]  asyncio.exceptions.IncompleteReadError: 0 bytes read on a total of 4 expected bytes
2026-07-02T15:35:21.951763707Z [err]  
2026-07-02T15:35:21.951767277Z [err]  The above exception was the direct cause of the following exception:
2026-07-02T15:35:21.951770967Z [err]  
2026-07-02T15:35:21.951775817Z [err]  Traceback (most recent call last):
2026-07-02T15:35:21.951780347Z [err]    File "/usr/local/lib/python3.12/site-packages/sqlalchemy/engine/base.py", line 1967, in _exec_single_context
2026-07-02T15:35:21.951784117Z [err]      self.dialect.do_execute(
2026-07-02T15:35:21.951789097Z [err]    File "/usr/local/lib/python3.12/site-packages/sqlalchemy/engine/default.py", line 941, in do_execute
2026-07-02T15:35:21.951792687Z [err]      cursor.execute(statement, parameters)
2026-07-02T15:35:21.951796997Z [err]    File "/usr/local/lib/python3.12/site-packages/sqlalchemy/dialects/mysql/aiomysql.py", line 95, in execute
2026-07-02T15:35:21.952020305Z [err]      return self.await_(self._execute_async(operation, parameters))
2026-07-02T15:35:21.952024935Z [err]             ^^^^^^^^^^^^^^^^^^^^^^^^^^^^^^^^^^^^^^^^^^^^^^^^^^^^^^^
2026-07-02T15:35:21.952029985Z [err]    File "/usr/local/lib/python3.12/site-packages/sqlalchemy/util/_concurrency_py3k.py", line 132, in await_only
2026-07-02T15:35:21.952032515Z [err]      return current.parent.switch(awaitable)  # type: ignore[no-any-return,attr-defined] # noqa: E501
2026-07-02T15:35:21.952035335Z [err]             ^^^^^^^^^^^^^^^^^^^^^^^^^^^^^^^^
2026-07-02T15:35:21.952037815Z [err]    File "/usr/local/lib/python3.12/site-packages/sqlalchemy/util/_concurrency_py3k.py", line 196, in greenlet_spawn
2026-07-02T15:35:21.952040805Z [err]      value = await result
2026-07-02T15:35:21.952043495Z [err]              ^^^^^^^^^^^^
2026-07-02T15:35:21.952046255Z [err]    File "/usr/local/lib/python3.12/site-packages/sqlalchemy/dialects/mysql/aiomysql.py", line 104, in _execute_async
2026-07-02T15:35:21.952054825Z [err]      result = await self._cursor.execute(operation, parameters)
2026-07-02T15:35:21.952059685Z [err]               ^^^^^^^^^^^^^^^^^^^^^^^^^^^^^^^^^^^^^^^^^^^^^^^^^
2026-07-02T15:35:21.952062725Z [err]    File "/usr/local/lib/python3.12/site-packages/aiomysql/cursors.py", line 239, in execute
2026-07-02T15:35:21.952065515Z [err]      await self._query(query)
2026-07-02T15:35:21.952067925Z [err]    File "/usr/local/lib/python3.12/site-packages/aiomysql/cursors.py", line 457, in _query
2026-07-02T15:35:21.952070715Z [err]      await conn.query(q)
2026-07-02T15:35:21.952084085Z [err]    File "/usr/local/lib/python3.12/site-packages/aiomysql/connection.py", line 469, in query
2026-07-02T15:35:21.952087415Z [err]      await self._read_query_result(unbuffered=unbuffered)
2026-07-02T15:35:21.952090415Z [err]    File "/usr/local/lib/python3.12/site-packages/aiomysql/connection.py", line 683, in _read_query_result
2026-07-02T15:35:21.952562600Z [err]    File "/app/app/etl/upsert.py", line 568, in run_upsert
2026-07-02T15:35:21.952569200Z [err]      ) = await _extract_all(since)
2026-07-02T15:35:21.952570780Z [err]  Traceback (most recent call last):
2026-07-02T15:35:21.952576600Z [err]          ^^^^^^^^^^^^^^^^^^^^^^^^^
2026-07-02T15:35:21.952581320Z [err]    File "/usr/local/lib/python3.12/site-packages/apscheduler/executors/base_py3.py", line 30, in run_coroutine_job
2026-07-02T15:35:21.952584990Z [err]    File "/app/app/etl/upsert.py", line 193, in _extract_all
2026-07-02T15:35:21.952589750Z [err]    File "/usr/local/lib/python3.12/site-packages/aiomysql/connection.py", line 1164, in read
2026-07-02T15:35:21.952591900Z [err]      retval = await job.func(*job.args, **job.kwargs)
2026-07-02T15:35:21.952596980Z [err]  
2026-07-02T15:35:21.952599110Z [err]      first_packet = await self.connection._read_packet()
2026-07-02T15:35:21.952601410Z [err]               ^^^^^^^^^^^^^^^^^^^^^^^^^^^^^^^^^^^^^^^
2026-07-02T15:35:21.952606190Z [err]                     ^^^^^^^^^^^^^^^^^^^^^^^^^^^^^^^^^^^^
2026-07-02T15:35:21.952610140Z [err]    File "/usr/local/lib/python3.12/site-packages/aiomysql/connection.py", line 609, in _read_packet
2026-07-02T15:35:21.952613740Z [err]      packet_header = await self._read_bytes(4)
2026-07-02T15:35:21.952617360Z [err]                      ^^^^^^^^^^^^^^^^^^^^^^^^^
2026-07-02T15:35:21.952621130Z [err]    File "/usr/local/lib/python3.12/site-packages/aiomysql/connection.py", line 661, in _read_bytes
2026-07-02T15:35:21.952624960Z [err]      raise OperationalError(CR.CR_SERVER_LOST, msg) from e
2026-07-02T15:35:21.952629400Z [err]  pymysql.err.OperationalError: (2013, 'Lost connection to MySQL server during query')
2026-07-02T15:35:21.952652550Z [err]  The above exception was the direct cause of the following exception:
2026-07-02T15:35:21.952659370Z [err]  
2026-07-02T15:35:21.952884109Z [err]             ^^^^^
2026-07-02T15:35:21.952887759Z [err]    File "/usr/local/lib/python3.12/site-packages/sqlalchemy/sql/elements.py", line 515, in _execute_on_connection
2026-07-02T15:35:21.952893998Z [err]      ) = await asyncio.gather(
2026-07-02T15:35:21.952901808Z [err]          ^^^^^^^^^^^^^^^^^^^^^
2026-07-02T15:35:21.952907228Z [err]    File "/usr/local/lib/python3.12/site-packages/sqlalchemy/orm/session.py", line 2362, in execute
2026-07-02T15:35:21.952908348Z [err]    File "/app/app/etl/upsert.py", line 179, in _fetch_mappings
2026-07-02T15:35:21.952916648Z [err]      result = await source.execute(text(query), params)
2026-07-02T15:35:21.952919348Z [err]      return self._execute_internal(
2026-07-02T15:35:21.952924338Z [err]               ^^^^^^^^^^^^^^^^^^^^^^^^^^^^^^^^^^^^^^^^^
2026-07-02T15:35:21.952926478Z [err]             ^^^^^^^^^^^^^^^^^^^^^^^
2026-07-02T15:35:21.952933998Z [err]    File "/usr/local/lib/python3.12/site-packages/sqlalchemy/orm/session.py", line 2256, in _execute_internal
2026-07-02T15:35:21.952934278Z [err]    File "/usr/local/lib/python3.12/site-packages/sqlalchemy/ext/asyncio/session.py", line 461, in execute
2026-07-02T15:35:21.952941438Z [err]      result = conn.execute(
2026-07-02T15:35:21.952942688Z [err]      result = await greenlet_spawn(
2026-07-02T15:35:21.952948958Z [err]               ^^^^^^^^^^^^^^^^^^^^^
2026-07-02T15:35:21.952952838Z [err]               ^^^^^^^^^^^^^
2026-07-02T15:35:21.952952988Z [err]    File "/usr/local/lib/python3.12/site-packages/sqlalchemy/util/_concurrency_py3k.py", line 201, in greenlet_spawn
2026-07-02T15:35:21.952961768Z [err]    File "/usr/local/lib/python3.12/site-packages/sqlalchemy/engine/base.py", line 1418, in execute
2026-07-02T15:35:21.952961978Z [err]      result = context.throw(*sys.exc_info())
2026-07-02T15:35:21.952969328Z [err]               ^^^^^^^^^^^^^^^^^^^^^^^^^^^^^^
2026-07-02T15:35:21.952970058Z [err]      return meth(
2026-07-02T15:35:21.953783651Z [err]      cursor.execute(statement, parameters)
2026-07-02T15:35:21.953789401Z [err]    File "/usr/local/lib/python3.12/site-packages/sqlalchemy/dialects/mysql/aiomysql.py", line 95, in execute
2026-07-02T15:35:21.953794661Z [err]      return self.await_(self._execute_async(operation, parameters))
2026-07-02T15:35:21.953798561Z [err]             ^^^^^^^^^^^^^^^^^^^^^^^^^^^^^^^^^^^^^^^^^^^^^^^^^^^^^^^
2026-07-02T15:35:21.953848750Z [err]      return connection._execute_clauseelement(
2026-07-02T15:35:21.953860260Z [err]             ^^^^^^^^^^^^^^^^^^^^^^^^^^^^^^^^^^
2026-07-02T15:35:21.953863500Z [err]    File "/usr/local/lib/python3.12/site-packages/sqlalchemy/engine/base.py", line 1640, in _execute_clauseelement
2026-07-02T15:35:21.953895750Z [err]      ret = self._execute_context(
2026-07-02T15:35:21.953899130Z [err]            ^^^^^^^^^^^^^^^^^^^^^^
2026-07-02T15:35:21.953928929Z [err]    File "/usr/local/lib/python3.12/site-packages/sqlalchemy/engine/base.py", line 1846, in _execute_context
2026-07-02T15:35:21.953940199Z [err]      return self._exec_single_context(
2026-07-02T15:35:21.953948569Z [err]             ^^^^^^^^^^^^^^^^^^^^^^^^^^
2026-07-02T15:35:21.953980739Z [err]    File "/usr/local/lib/python3.12/site-packages/sqlalchemy/engine/base.py", line 1986, in _exec_single_context
2026-07-02T15:35:21.953991569Z [err]      self._handle_dbapi_exception(
2026-07-02T15:35:21.953995109Z [err]    File "/usr/local/lib/python3.12/site-packages/sqlalchemy/engine/base.py", line 2355, in _handle_dbapi_exception
2026-07-02T15:35:21.954029799Z [err]      raise sqlalchemy_exception.with_traceback(exc_info[2]) from e
2026-07-02T15:35:21.954076979Z [err]    File "/usr/local/lib/python3.12/site-packages/sqlalchemy/engine/base.py", line 1967, in _exec_single_context
2026-07-02T15:35:21.954155038Z [err]      self.dialect.do_execute(
2026-07-02T15:35:21.954172468Z [err]    File "/usr/local/lib/python3.12/site-packages/sqlalchemy/engine/default.py", line 941, in do_execute
2026-07-02T15:35:21.954442856Z [err]    File "/usr/local/lib/python3.12/site-packages/sqlalchemy/util/_concurrency_py3k.py", line 132, in await_only
2026-07-02T15:35:21.954450326Z [err]      return current.parent.switch(awaitable)  # type: ignore[no-any-return,attr-defined] # noqa: E501
2026-07-02T15:35:21.954450646Z [err]      await result.read()
2026-07-02T15:35:21.954457566Z [err]    File "/usr/local/lib/python3.12/site-packages/aiomysql/cursors.py", line 457, in _query
2026-07-02T15:35:21.954458316Z [err]             ^^^^^^^^^^^^^^^^^^^^^^^^^^^^^^^^
2026-07-02T15:35:21.954461256Z [err]    File "/usr/local/lib/python3.12/site-packages/aiomysql/connection.py", line 1164, in read
2026-07-02T15:35:21.954467536Z [err]    File "/usr/local/lib/python3.12/site-packages/sqlalchemy/util/_concurrency_py3k.py", line 196, in greenlet_spawn
2026-07-02T15:35:21.954469676Z [err]      await conn.query(q)
2026-07-02T15:35:21.954473586Z [err]      value = await result
2026-07-02T15:35:21.954476626Z [err]    File "/usr/local/lib/python3.12/site-packages/aiomysql/connection.py", line 469, in query
2026-07-02T15:35:21.954480185Z [err]              ^^^^^^^^^^^^
2026-07-02T15:35:21.954484415Z [err]      await self._read_query_result(unbuffered=unbuffered)
2026-07-02T15:35:21.954487325Z [err]    File "/usr/local/lib/python3.12/site-packages/sqlalchemy/dialects/mysql/aiomysql.py", line 104, in _execute_async
2026-07-02T15:35:21.954491485Z [err]    File "/usr/local/lib/python3.12/site-packages/aiomysql/connection.py", line 683, in _read_query_result
2026-07-02T15:35:21.954494515Z [err]      result = await self._cursor.execute(operation, parameters)
2026-07-02T15:35:21.954498075Z [err]               ^^^^^^^^^^^^^^^^^^^^^^^^^^^^^^^^^^^^^^^^^^^^^^^^^
2026-07-02T15:35:21.954500965Z [err]    File "/usr/local/lib/python3.12/site-packages/aiomysql/cursors.py", line 239, in execute
2026-07-02T15:35:21.954503755Z [err]      await self._query(query)
2026-07-02T15:35:21.955009541Z [err]      first_packet = await self.connection._read_packet()
2026-07-02T15:35:21.955016441Z [err]                     ^^^^^^^^^^^^^^^^^^^^^^^^^^^^^^^^^^^^
2026-07-02T15:35:21.955022061Z [err]    File "/usr/local/lib/python3.12/site-packages/aiomysql/connection.py", line 609, in _read_packet
2026-07-02T15:35:21.955026021Z [err]      packet_header = await self._read_bytes(4)
2026-07-02T15:35:21.955029371Z [err]                      ^^^^^^^^^^^^^^^^^^^^^^^^^
2026-07-02T15:35:21.955034181Z [err]    File "/usr/local/lib/python3.12/site-packages/aiomysql/connection.py", line 661, in _read_bytes
2026-07-02T15:35:21.955037601Z [err]      raise OperationalError(CR.CR_SERVER_LOST, msg) from e
2026-07-02T15:35:21.955041211Z [err]  sqlalchemy.exc.OperationalError: (pymysql.err.OperationalError) (2013, 'Lost connection to MySQL server during query')
2026-07-02T15:35:21.955044420Z [err]  [SQL: 
2026-07-02T15:35:21.955047500Z [err]      SELECT
2026-07-02T15:35:21.955050450Z [err]          cp.id                               AS cart_product_id,
2026-07-02T15:35:21.955053300Z [err]          cp.total                            AS expected_total,
2026-07-02T15:35:21.955056230Z [err]          cp.cost                             AS expected_cost,
2026-07-02T15:35:21.955059410Z [err]          cp.quantity                         AS quantity,
2026-07-02T15:35:21.955062650Z [err]          cp.discount                         AS discount,
2026-07-02T15:35:21.955066260Z [err]          c.id                                AS cart_id,
2026-07-02T15:35:21.955069330Z [err]          c.bookCommission                    AS book_commission,
2026-07-02T15:35:21.955072890Z [err]          c.examCommission                    AS exam_commission,
2026-07-02T15:35:21.955077180Z [err]          c.createdAt                         AS created_at,
2026-07-02T15:35:21.955086350Z [err]          p.id                                AS product_id,
2026-07-02T15:35:21.955454638Z [err]          p.productType                       AS product_type,
2026-07-02T15:35:21.955458948Z [err]          ec.name                             AS exam_cat_name,
2026-07-02T15:35:21.955462708Z [err]          ec.dateType                         AS exam_date_type,
2026-07-02T15:35:21.955466128Z [err]          s.id                                AS seller_id,
2026-07-02T15:35:21.955469058Z [err]          CONCAT(s.name, ' ', s.lastName)     AS seller_name,
2026-07-02T15:35:21.955472708Z [err]          l.id                                AS lead_id,
2026-07-02T15:35:21.955476538Z [err]          l.name                              AS school_name,
2026-07-02T15:35:21.955480088Z [err]          l.site                              AS site,
2026-07-02T15:35:21.955483588Z [err]          z.name                              AS zone_name,
2026-07-02T15:35:21.955487388Z [err]          la.stateName                        AS state_name,
2026-07-02T15:35:21.955490657Z [err]          la.city                             AS city,
2026-07-02T15:35:21.955493677Z [err]          la.state_names                      AS all_states,
2026-07-02T15:35:21.955497187Z [err]          la.city_names                       AS all_cities,
2026-07-02T15:35:21.955500837Z [err]          COALESCE(pa.paid_total, 0)          AS paid_total,
2026-07-02T15:35:21.955504127Z [err]          COALESCE(pa.student_count, 0)       AS student_count,
2026-07-02T15:35:21.955562197Z [err]          COALESCE(pa.payment_count, 0)       AS payment_count,
2026-07-02T15:35:21.955580957Z [err]          pa.payment_date                     AS payment_date
2026-07-02T15:35:21.955612016Z [err]      FROM (
2026-07-02T15:35:21.955615486Z [err]          SELECT DISTINCT pay.cartId
2026-07-02T15:35:21.955628566Z [err]          FROM payment pay
2026-07-02T15:35:21.955668576Z [err]          WHERE pay.updatedAt > %s
2026-07-02T15:35:21.955679836Z [err]      ) affected
2026-07-02T15:35:21.956158502Z [err]      JOIN cart c ON c.id = affected.cartId
2026-07-02T15:35:21.956161721Z [err]      JOIN cart_product cp ON cp.cartId = c.id
2026-07-02T15:35:21.956164911Z [err]      JOIN product p ON cp.productId = p.id
2026-07-02T15:35:21.956168351Z [err]      LEFT JOIN exam_cat ec ON p.examId = ec.id
2026-07-02T15:35:21.956171361Z [err]      JOIN seller_lead sl ON c.sellerLeadId = sl.id
2026-07-02T15:35:21.956174271Z [err]      JOIN seller s ON sl.sellerId = s.id
2026-07-02T15:35:21.956177461Z [err]      JOIN `lead` l ON sl.leadId = l.id
2026-07-02T15:35:21.956180171Z [err]      LEFT JOIN zone z ON l.zoneId = z.id
2026-07-02T15:35:21.956182411Z [err]      
2026-07-02T15:35:21.956185181Z [err]      LEFT JOIN (
2026-07-02T15:35:21.956187691Z [err]          SELECT
2026-07-02T15:35:21.956190041Z [err]              leadId,
2026-07-02T15:35:21.956192701Z [err]              COALESCE(
2026-07-02T15:35:21.956196241Z [err]                  NULLIF(
2026-07-02T15:35:21.956199011Z [err]                      SUBSTRING_INDEX(
2026-07-02T15:35:21.956201641Z [err]                          GROUP_CONCAT(
2026-07-02T15:35:21.956203911Z [err]                              CASE WHEN isFavorite = 1 THEN stateName END
2026-07-02T15:35:21.956206141Z [err]                              ORDER BY id SEPARATOR '||'
2026-07-02T15:35:21.956208571Z [err]                          ),
2026-07-02T15:35:21.956211401Z [err]                          '||',
2026-07-02T15:35:21.956214501Z [inf]  1
2026-07-02T15:35:21.956217011Z [err]                      ),
2026-07-02T15:35:21.956219301Z [err]                      ''
2026-07-02T15:35:21.956221691Z [err]                  ),
2026-07-02T15:35:21.956224071Z [err]                  SUBSTRING_INDEX(GROUP_CONCAT(stateName ORDER BY id SEPARATOR '||'), '||', 1)
2026-07-02T15:35:21.956226671Z [err]              ) AS stateName,
2026-07-02T15:35:21.956619658Z [err]              COALESCE(
2026-07-02T15:35:21.956627998Z [err]                  NULLIF(
2026-07-02T15:35:21.956629928Z [err]              st.cartProductId                AS cart_product_id,
2026-07-02T15:35:21.956635808Z [err]                      SUBSTRING_INDEX(
2026-07-02T15:35:21.956638878Z [err]              COALESCE(SUM(sp.amount), 0)     AS paid_total,
2026-07-02T15:35:21.956643238Z [err]      ) la ON la.leadId = l.id
2026-07-02T15:35:21.956645588Z [err]                      ''
2026-07-02T15:35:21.956649578Z [err]                          GROUP_CONCAT(
2026-07-02T15:35:21.956650078Z [err]              COUNT(DISTINCT st.id)           AS student_count,
2026-07-02T15:35:21.956655658Z [err]  
2026-07-02T15:35:21.956660708Z [err]                              CASE WHEN isFavorite = 1 THEN city END
2026-07-02T15:35:21.956664708Z [err]      LEFT JOIN (
2026-07-02T15:35:21.956665398Z [err]                  ),
2026-07-02T15:35:21.956667378Z [err]              GROUP_CONCAT(DISTINCT city ORDER BY city SEPARATOR '||') AS city_names
2026-07-02T15:35:21.956669198Z [err]                              ORDER BY id SEPARATOR '||'
2026-07-02T15:35:21.956672588Z [err]          SELECT
2026-07-02T15:35:21.956677958Z [err]                          ),
2026-07-02T15:35:21.956680728Z [err]          FROM lead_address
2026-07-02T15:35:21.956682878Z [err]                  SUBSTRING_INDEX(GROUP_CONCAT(city ORDER BY id SEPARATOR '||'), '||', 1)
2026-07-02T15:35:21.956686968Z [err]                          '||',
2026-07-02T15:35:21.956692258Z [err]          WHERE deletedAt IS NULL
2026-07-02T15:35:21.956696818Z [err]              ) AS city,
2026-07-02T15:35:21.956696958Z [inf]  1
2026-07-02T15:35:21.956701408Z [err]          GROUP BY leadId
2026-07-02T15:35:21.956705928Z [err]                      ),
2026-07-02T15:35:21.956708538Z [err]              GROUP_CONCAT(DISTINCT stateName ORDER BY stateName SEPARATOR '||') AS state_names,
2026-07-02T15:35:21.956842476Z [err]      AND cp.deletedAt IS NULL
2026-07-02T15:35:21.956849596Z [err]              COUNT(DISTINCT sp.payment_id)   AS payment_count,
2026-07-02T15:35:21.956855616Z [err]      AND EXISTS (
2026-07-02T15:35:21.956857516Z [err]              MAX(pay.paymentDate)            AS payment_date
2026-07-02T15:35:21.956863216Z [err]          FROM student_payments sp
2026-07-02T15:35:21.956866876Z [err]          SELECT 1
2026-07-02T15:35:21.956869526Z [err]          JOIN student st ON sp.student_id = st.id
2026-07-02T15:35:21.956877116Z [err]          JOIN payment pay ON sp.payment_id = pay.id
2026-07-02T15:35:21.956877916Z [err]          FROM payment pay2
2026-07-02T15:35:21.956881616Z [err]          WHERE pay.status = %s
2026-07-02T15:35:21.956887556Z [err]          WHERE pay2.cartId = c.id
2026-07-02T15:35:21.956889646Z [err]          GROUP BY st.cartProductId
2026-07-02T15:35:21.956895666Z [err]          AND pay2.status = %s
2026-07-02T15:35:21.956896146Z [err]      ) pa ON pa.cart_product_id = cp.id
2026-07-02T15:35:21.956903346Z [err]      WHERE c.deletedAt IS NULL
2026-07-02T15:35:21.956903636Z [err]      )
2026-07-02T15:35:21.956908056Z [err]  ]
2026-07-02T15:35:21.956911346Z [err]  [parameters: (datetime.datetime(2026, 7, 2, 12, 35, 19, 757433), 'Aprobado', 'Aprobado')]
2026-07-02T15:35:21.956914946Z [err]  (Background on this error at: https://sqlalche.me/e/20/e3q8)
2026-07-02T18:35:21.125151339Z [err]  
2026-07-02T18:35:21.125162939Z [err]  The above exception was the direct cause of the following exception:
2026-07-02T18:35:21.125169749Z [err]  
2026-07-02T18:35:21.125171989Z [err]  2026-07-02T18:35:19 INFO     apscheduler.executors.default — Running job "run_upsert (trigger: interval[3:00:00], next run at: 2026-07-02 21:35:19 UTC)" (scheduled at 2026-07-02 18:35:19.757175+00:00)
2026-07-02T18:35:21.125177559Z [err]  Traceback (most recent call last):
2026-07-02T18:35:21.125178789Z [err]  2026-07-02T18:35:20 ERROR    apscheduler.executors.default — Job "run_upsert (trigger: interval[3:00:00], next run at: 2026-07-02 21:35:19 UTC)" raised an exception
2026-07-02T18:35:21.125183859Z [err]  Traceback (most recent call last):
2026-07-02T18:35:21.125187469Z [err]    File "/usr/local/lib/python3.12/site-packages/sqlalchemy/engine/base.py", line 1967, in _exec_single_context
2026-07-02T18:35:21.125190429Z [err]    File "/usr/local/lib/python3.12/site-packages/aiomysql/connection.py", line 657, in _read_bytes
2026-07-02T18:35:21.125195409Z [err]      self.dialect.do_execute(
2026-07-02T18:35:21.125197409Z [err]      data = await self._reader.readexactly(num_bytes)
2026-07-02T18:35:21.125203209Z [err]    File "/usr/local/lib/python3.12/site-packages/sqlalchemy/engine/default.py", line 941, in do_execute
2026-07-02T18:35:21.125203349Z [err]             ^^^^^^^^^^^^^^^^^^^^^^^^^^^^^^^^^^^^^^^^^
2026-07-02T18:35:21.125210849Z [err]    File "/usr/local/lib/python3.12/asyncio/streams.py", line 750, in readexactly
2026-07-02T18:35:21.125211019Z [err]      cursor.execute(statement, parameters)
2026-07-02T18:35:21.125218589Z [err]      raise exceptions.IncompleteReadError(incomplete, n)
2026-07-02T18:35:21.125218799Z [err]    File "/usr/local/lib/python3.12/site-packages/sqlalchemy/dialects/mysql/aiomysql.py", line 95, in execute
2026-07-02T18:35:21.125223699Z [err]  asyncio.exceptions.IncompleteReadError: 0 bytes read on a total of 4 expected bytes
2026-07-02T18:35:21.125789713Z [err]      return self.await_(self._execute_async(operation, parameters))
2026-07-02T18:35:21.125797823Z [err]             ^^^^^^^^^^^^^^^^^^^^^^^^^^^^^^^^^^^^^^^^^^^^^^^^^^^^^^^
2026-07-02T18:35:21.125801563Z [err]              ^^^^^^^^^^^^
2026-07-02T18:35:21.125802373Z [err]    File "/usr/local/lib/python3.12/site-packages/aiomysql/cursors.py", line 457, in _query
2026-07-02T18:35:21.125807143Z [err]    File "/usr/local/lib/python3.12/site-packages/aiomysql/connection.py", line 683, in _read_query_result
2026-07-02T18:35:21.125810043Z [err]    File "/usr/local/lib/python3.12/site-packages/sqlalchemy/util/_concurrency_py3k.py", line 132, in await_only
2026-07-02T18:35:21.125812193Z [err]      await conn.query(q)
2026-07-02T18:35:21.125813473Z [err]    File "/usr/local/lib/python3.12/site-packages/sqlalchemy/dialects/mysql/aiomysql.py", line 104, in _execute_async
2026-07-02T18:35:21.125818793Z [err]    File "/usr/local/lib/python3.12/site-packages/aiomysql/connection.py", line 469, in query
2026-07-02T18:35:21.125819063Z [err]      return current.parent.switch(awaitable)  # type: ignore[no-any-return,attr-defined] # noqa: E501
2026-07-02T18:35:21.125819873Z [err]      result = await self._cursor.execute(operation, parameters)
2026-07-02T18:35:21.125824223Z [err]      await self._read_query_result(unbuffered=unbuffered)
2026-07-02T18:35:21.125826823Z [err]             ^^^^^^^^^^^^^^^^^^^^^^^^^^^^^^^^
2026-07-02T18:35:21.125828402Z [err]               ^^^^^^^^^^^^^^^^^^^^^^^^^^^^^^^^^^^^^^^^^^^^^^^^^
2026-07-02T18:35:21.125835282Z [err]    File "/usr/local/lib/python3.12/site-packages/sqlalchemy/util/_concurrency_py3k.py", line 196, in greenlet_spawn
2026-07-02T18:35:21.125835532Z [err]    File "/usr/local/lib/python3.12/site-packages/aiomysql/cursors.py", line 239, in execute
2026-07-02T18:35:21.125842182Z [err]      value = await result
2026-07-02T18:35:21.125843642Z [err]      await self._query(query)
2026-07-02T18:35:21.126925022Z [err]      await result.read()
2026-07-02T18:35:21.126928312Z [err]    File "/app/app/etl/upsert.py", line 568, in run_upsert
2026-07-02T18:35:21.126929712Z [err]    File "/usr/local/lib/python3.12/site-packages/aiomysql/connection.py", line 1164, in read
2026-07-02T18:35:21.126934162Z [err]      ) = await _extract_all(since)
2026-07-02T18:35:21.126935442Z [err]      first_packet = await self.connection._read_packet()
2026-07-02T18:35:21.126938832Z [err]          ^^^^^^^^^^^^^^^^^^^^^^^^^
2026-07-02T18:35:21.126939382Z [err]                     ^^^^^^^^^^^^^^^^^^^^^^^^^^^^^^^^^^^^
2026-07-02T18:35:21.126944392Z [err]    File "/app/app/etl/upsert.py", line 193, in _extract_all
2026-07-02T18:35:21.126945142Z [err]      raise OperationalError(CR.CR_SERVER_LOST, msg) from e
2026-07-02T18:35:21.126946262Z [err]    File "/usr/local/lib/python3.12/site-packages/aiomysql/connection.py", line 609, in _read_packet
2026-07-02T18:35:21.126953412Z [err]      packet_header = await self._read_bytes(4)
2026-07-02T18:35:21.126955422Z [err]  pymysql.err.OperationalError: (2013, 'Lost connection to MySQL server during query')
2026-07-02T18:35:21.126959552Z [err]                      ^^^^^^^^^^^^^^^^^^^^^^^^^
2026-07-02T18:35:21.126963552Z [err]  
2026-07-02T18:35:21.126968062Z [err]  The above exception was the direct cause of the following exception:
2026-07-02T18:35:21.126971032Z [err]  
2026-07-02T18:35:21.126974142Z [err]  Traceback (most recent call last):
2026-07-02T18:35:21.126977212Z [err]    File "/usr/local/lib/python3.12/site-packages/apscheduler/executors/base_py3.py", line 30, in run_coroutine_job
2026-07-02T18:35:21.126980332Z [err]      retval = await job.func(*job.args, **job.kwargs)
2026-07-02T18:35:21.126983192Z [err]               ^^^^^^^^^^^^^^^^^^^^^^^^^^^^^^^^^^^^^^^
2026-07-02T18:35:21.127063651Z [err]    File "/usr/local/lib/python3.12/site-packages/aiomysql/connection.py", line 661, in _read_bytes
2026-07-02T18:35:21.127794504Z [err]      ) = await asyncio.gather(
2026-07-02T18:35:21.127794584Z [err]      return self._execute_internal(
2026-07-02T18:35:21.127801864Z [err]             ^^^^^^^^^^^^^^^^^^^^^^^
2026-07-02T18:35:21.127803124Z [err]          ^^^^^^^^^^^^^^^^^^^^^
2026-07-02T18:35:21.127808174Z [err]    File "/usr/local/lib/python3.12/site-packages/sqlalchemy/orm/session.py", line 2256, in _execute_internal
2026-07-02T18:35:21.127810764Z [err]    File "/app/app/etl/upsert.py", line 179, in _fetch_mappings
2026-07-02T18:35:21.127816054Z [err]      result = await source.execute(text(query), params)
2026-07-02T18:35:21.127816504Z [err]      result = conn.execute(
2026-07-02T18:35:21.127822154Z [err]               ^^^^^^^^^^^^^^^^^^^^^^^^^^^^^^^^^^^^^^^^^
2026-07-02T18:35:21.127824594Z [err]               ^^^^^^^^^^^^^
2026-07-02T18:35:21.127829294Z [err]    File "/usr/local/lib/python3.12/site-packages/sqlalchemy/ext/asyncio/session.py", line 461, in execute
2026-07-02T18:35:21.127831424Z [err]    File "/usr/local/lib/python3.12/site-packages/sqlalchemy/engine/base.py", line 1418, in execute
2026-07-02T18:35:21.127835544Z [err]      result = await greenlet_spawn(
2026-07-02T18:35:21.127838024Z [err]      return meth(
2026-07-02T18:35:21.127842054Z [err]               ^^^^^^^^^^^^^^^^^^^^^
2026-07-02T18:35:21.127844754Z [err]             ^^^^^
2026-07-02T18:35:21.127847434Z [err]    File "/usr/local/lib/python3.12/site-packages/sqlalchemy/util/_concurrency_py3k.py", line 201, in greenlet_spawn
2026-07-02T18:35:21.127850724Z [err]    File "/usr/local/lib/python3.12/site-packages/sqlalchemy/sql/elements.py", line 515, in _execute_on_connection
2026-07-02T18:35:21.127853784Z [err]      result = context.throw(*sys.exc_info())
2026-07-02T18:35:21.127857044Z [err]               ^^^^^^^^^^^^^^^^^^^^^^^^^^^^^^
2026-07-02T18:35:21.127860544Z [err]    File "/usr/local/lib/python3.12/site-packages/sqlalchemy/orm/session.py", line 2362, in execute
2026-07-02T18:35:21.128588636Z [err]      return connection._execute_clauseelement(
2026-07-02T18:35:21.128591706Z [err]             ^^^^^^^^^^^^^^^^^^^^^^^^^^^^^^^^^^
2026-07-02T18:35:21.128594526Z [err]    File "/usr/local/lib/python3.12/site-packages/sqlalchemy/engine/base.py", line 1640, in _execute_clauseelement
2026-07-02T18:35:21.128599466Z [err]      ret = self._execute_context(
2026-07-02T18:35:21.128602046Z [err]      self._handle_dbapi_exception(
2026-07-02T18:35:21.128602686Z [err]      return self.await_(self._execute_async(operation, parameters))
2026-07-02T18:35:21.128605826Z [err]            ^^^^^^^^^^^^^^^^^^^^^^
2026-07-02T18:35:21.128611796Z [err]    File "/usr/local/lib/python3.12/site-packages/sqlalchemy/engine/base.py", line 2355, in _handle_dbapi_exception
2026-07-02T18:35:21.128611986Z [err]    File "/usr/local/lib/python3.12/site-packages/sqlalchemy/engine/base.py", line 1846, in _execute_context
2026-07-02T18:35:21.128612016Z [err]             ^^^^^^^^^^^^^^^^^^^^^^^^^^^^^^^^^^^^^^^^^^^^^^^^^^^^^^^
2026-07-02T18:35:21.128617556Z [err]      return self._exec_single_context(
2026-07-02T18:35:21.128621156Z [err]      raise sqlalchemy_exception.with_traceback(exc_info[2]) from e
2026-07-02T18:35:21.128624576Z [err]             ^^^^^^^^^^^^^^^^^^^^^^^^^^
2026-07-02T18:35:21.128630086Z [err]    File "/usr/local/lib/python3.12/site-packages/sqlalchemy/engine/base.py", line 1967, in _exec_single_context
2026-07-02T18:35:21.128635456Z [err]      self.dialect.do_execute(
2026-07-02T18:35:21.128640066Z [err]    File "/usr/local/lib/python3.12/site-packages/sqlalchemy/engine/default.py", line 941, in do_execute
2026-07-02T18:35:21.128643706Z [err]      cursor.execute(statement, parameters)
2026-07-02T18:35:21.128647686Z [err]    File "/usr/local/lib/python3.12/site-packages/sqlalchemy/dialects/mysql/aiomysql.py", line 95, in execute
2026-07-02T18:35:21.128679895Z [err]    File "/usr/local/lib/python3.12/site-packages/sqlalchemy/engine/base.py", line 1986, in _exec_single_context
2026-07-02T18:35:21.129369099Z [err]    File "/usr/local/lib/python3.12/site-packages/aiomysql/connection.py", line 1164, in read
2026-07-02T18:35:21.129371199Z [err]    File "/usr/local/lib/python3.12/site-packages/sqlalchemy/util/_concurrency_py3k.py", line 132, in await_only
2026-07-02T18:35:21.129374049Z [err]      return current.parent.switch(awaitable)  # type: ignore[no-any-return,attr-defined] # noqa: E501
2026-07-02T18:35:21.129376749Z [err]             ^^^^^^^^^^^^^^^^^^^^^^^^^^^^^^^^
2026-07-02T18:35:21.129379359Z [err]    File "/usr/local/lib/python3.12/site-packages/sqlalchemy/util/_concurrency_py3k.py", line 196, in greenlet_spawn
2026-07-02T18:35:21.129382439Z [err]      value = await result
2026-07-02T18:35:21.129385469Z [err]              ^^^^^^^^^^^^
2026-07-02T18:35:21.129387839Z [err]    File "/usr/local/lib/python3.12/site-packages/sqlalchemy/dialects/mysql/aiomysql.py", line 104, in _execute_async
2026-07-02T18:35:21.129390289Z [err]      result = await self._cursor.execute(operation, parameters)
2026-07-02T18:35:21.129392679Z [err]               ^^^^^^^^^^^^^^^^^^^^^^^^^^^^^^^^^^^^^^^^^^^^^^^^^
2026-07-02T18:35:21.129395569Z [err]    File "/usr/local/lib/python3.12/site-packages/aiomysql/cursors.py", line 239, in execute
2026-07-02T18:35:21.129398039Z [err]      await self._query(query)
2026-07-02T18:35:21.129401049Z [err]    File "/usr/local/lib/python3.12/site-packages/aiomysql/cursors.py", line 457, in _query
2026-07-02T18:35:21.129403399Z [err]      await conn.query(q)
2026-07-02T18:35:21.129405829Z [err]    File "/usr/local/lib/python3.12/site-packages/aiomysql/connection.py", line 469, in query
2026-07-02T18:35:21.129418269Z [err]      await self._read_query_result(unbuffered=unbuffered)
2026-07-02T18:35:21.129421179Z [err]    File "/usr/local/lib/python3.12/site-packages/aiomysql/connection.py", line 683, in _read_query_result
2026-07-02T18:35:21.129423789Z [err]      await result.read()
2026-07-02T18:35:21.130335290Z [err]      first_packet = await self.connection._read_packet()
2026-07-02T18:35:21.130338300Z [err]                     ^^^^^^^^^^^^^^^^^^^^^^^^^^^^^^^^^^^^
2026-07-02T18:35:21.130341430Z [err]    File "/usr/local/lib/python3.12/site-packages/aiomysql/connection.py", line 609, in _read_packet
2026-07-02T18:35:21.130344700Z [err]      packet_header = await self._read_bytes(4)
2026-07-02T18:35:21.130347840Z [err]                      ^^^^^^^^^^^^^^^^^^^^^^^^^
2026-07-02T18:35:21.130350960Z [err]    File "/usr/local/lib/python3.12/site-packages/aiomysql/connection.py", line 661, in _read_bytes
2026-07-02T18:35:21.130353800Z [err]      raise OperationalError(CR.CR_SERVER_LOST, msg) from e
2026-07-02T18:35:21.130356300Z [err]  sqlalchemy.exc.OperationalError: (pymysql.err.OperationalError) (2013, 'Lost connection to MySQL server during query')
2026-07-02T18:35:21.130358710Z [err]  [SQL: 
2026-07-02T18:35:21.130361300Z [err]      SELECT
2026-07-02T18:35:21.130364450Z [err]          cp.id                               AS cart_product_id,
2026-07-02T18:35:21.130366830Z [err]          cp.total                            AS expected_total,
2026-07-02T18:35:21.130371410Z [err]          cp.cost                             AS expected_cost,
2026-07-02T18:35:21.130374010Z [err]          cp.quantity                         AS quantity,
2026-07-02T18:35:21.130376600Z [err]          cp.discount                         AS discount,
2026-07-02T18:35:21.130379170Z [err]          c.id                                AS cart_id,
2026-07-02T18:35:21.130381660Z [err]          c.bookCommission                    AS book_commission,
2026-07-02T18:35:21.130384250Z [err]          c.examCommission                    AS exam_commission,
2026-07-02T18:35:21.130386770Z [err]          c.createdAt                         AS created_at,
2026-07-02T18:35:21.130392100Z [err]          p.id                                AS product_id,
2026-07-02T18:35:21.131659498Z [err]          WHERE pay.updatedAt > %s
2026-07-02T18:35:21.131663408Z [err]      ) affected
2026-07-02T18:35:21.131671648Z [err]          p.productType                       AS product_type,
2026-07-02T18:35:21.131677388Z [err]          ec.name                             AS exam_cat_name,
2026-07-02T18:35:21.131680518Z [err]          ec.dateType                         AS exam_date_type,
2026-07-02T18:35:21.131684078Z [err]          s.id                                AS seller_id,
2026-07-02T18:35:21.131687068Z [err]          CONCAT(s.name, ' ', s.lastName)     AS seller_name,
2026-07-02T18:35:21.131690058Z [err]          l.id                                AS lead_id,
2026-07-02T18:35:21.131692737Z [err]          l.name                              AS school_name,
2026-07-02T18:35:21.131695967Z [err]          l.site                              AS site,
2026-07-02T18:35:21.131698927Z [err]          z.name                              AS zone_name,
2026-07-02T18:35:21.131701787Z [err]          la.stateName                        AS state_name,
2026-07-02T18:35:21.131704677Z [err]          la.city                             AS city,
2026-07-02T18:35:21.131707257Z [err]          la.state_names                      AS all_states,
2026-07-02T18:35:21.131710187Z [err]          la.city_names                       AS all_cities,
2026-07-02T18:35:21.131712717Z [err]          COALESCE(pa.paid_total, 0)          AS paid_total,
2026-07-02T18:35:21.131715917Z [err]          COALESCE(pa.student_count, 0)       AS student_count,
2026-07-02T18:35:21.131718617Z [err]          COALESCE(pa.payment_count, 0)       AS payment_count,
2026-07-02T18:35:21.131720987Z [err]          pa.payment_date                     AS payment_date
2026-07-02T18:35:21.131723697Z [err]      FROM (
2026-07-02T18:35:21.131726337Z [err]          SELECT DISTINCT pay.cartId
2026-07-02T18:35:21.131729207Z [err]          FROM payment pay
2026-07-02T18:35:21.132686887Z [inf]  1
2026-07-02T18:35:21.132691027Z [err]                      ),
2026-07-02T18:35:21.132695747Z [err]                      ''
2026-07-02T18:35:21.132698737Z [err]      JOIN cart c ON c.id = affected.cartId
2026-07-02T18:35:21.132702707Z [err]                  ),
2026-07-02T18:35:21.132705837Z [err]      JOIN cart_product cp ON cp.cartId = c.id
2026-07-02T18:35:21.132709207Z [err]      JOIN product p ON cp.productId = p.id
2026-07-02T18:35:21.132712057Z [err]      LEFT JOIN exam_cat ec ON p.examId = ec.id
2026-07-02T18:35:21.132715337Z [err]      JOIN seller_lead sl ON c.sellerLeadId = sl.id
2026-07-02T18:35:21.132717907Z [err]      JOIN seller s ON sl.sellerId = s.id
2026-07-02T18:35:21.132720777Z [err]      JOIN `lead` l ON sl.leadId = l.id
2026-07-02T18:35:21.132723257Z [err]      LEFT JOIN zone z ON l.zoneId = z.id
2026-07-02T18:35:21.132725997Z [err]      
2026-07-02T18:35:21.132728687Z [err]      LEFT JOIN (
2026-07-02T18:35:21.132731407Z [err]          SELECT
2026-07-02T18:35:21.132734687Z [err]              leadId,
2026-07-02T18:35:21.132738407Z [err]                  SUBSTRING_INDEX(GROUP_CONCAT(stateName ORDER BY id SEPARATOR '||'), '||', 1)
2026-07-02T18:35:21.132740777Z [err]              COALESCE(
2026-07-02T18:35:21.132746527Z [err]              ) AS stateName,
2026-07-02T18:35:21.132746787Z [err]                  NULLIF(
2026-07-02T18:35:21.132750677Z [err]                      SUBSTRING_INDEX(
2026-07-02T18:35:21.132753947Z [err]                          GROUP_CONCAT(
2026-07-02T18:35:21.132756717Z [err]                              CASE WHEN isFavorite = 1 THEN stateName END
2026-07-02T18:35:21.132759177Z [err]                              ORDER BY id SEPARATOR '||'
2026-07-02T18:35:21.132762097Z [err]                          ),
2026-07-02T18:35:21.132764477Z [err]                          '||',
2026-07-02T18:35:21.133821627Z [err]              COALESCE(SUM(sp.amount), 0)     AS paid_total,
2026-07-02T18:35:21.133822127Z [err]              COALESCE(
2026-07-02T18:35:21.133826687Z [err]                  NULLIF(
2026-07-02T18:35:21.133827647Z [err]              COUNT(DISTINCT st.id)           AS student_count,
2026-07-02T18:35:21.133830967Z [err]                      SUBSTRING_INDEX(
2026-07-02T18:35:21.133834587Z [err]                          GROUP_CONCAT(
2026-07-02T18:35:21.133837947Z [err]                              CASE WHEN isFavorite = 1 THEN city END
2026-07-02T18:35:21.133841397Z [err]                              ORDER BY id SEPARATOR '||'
2026-07-02T18:35:21.133844777Z [err]                          ),
2026-07-02T18:35:21.133848257Z [err]                          '||',
2026-07-02T18:35:21.133852667Z [inf]  1
2026-07-02T18:35:21.133856257Z [err]                      ),
2026-07-02T18:35:21.133859997Z [err]                      ''
2026-07-02T18:35:21.133863566Z [err]                  ),
2026-07-02T18:35:21.133868796Z [err]                  SUBSTRING_INDEX(GROUP_CONCAT(city ORDER BY id SEPARATOR '||'), '||', 1)
2026-07-02T18:35:21.133868806Z [err]          GROUP BY leadId
2026-07-02T18:35:21.133872366Z [err]              ) AS city,
2026-07-02T18:35:21.133876846Z [err]              GROUP_CONCAT(DISTINCT stateName ORDER BY stateName SEPARATOR '||') AS state_names,
2026-07-02T18:35:21.133882966Z [err]      ) la ON la.leadId = l.id
2026-07-02T18:35:21.133883086Z [err]              GROUP_CONCAT(DISTINCT city ORDER BY city SEPARATOR '||') AS city_names
2026-07-02T18:35:21.133889066Z [err]          FROM lead_address
2026-07-02T18:35:21.133894616Z [err]  
2026-07-02T18:35:21.133896256Z [err]          WHERE deletedAt IS NULL
2026-07-02T18:35:21.133901826Z [err]      LEFT JOIN (
2026-07-02T18:35:21.133906646Z [err]          SELECT
2026-07-02T18:35:21.133911146Z [err]              st.cartProductId                AS cart_product_id,
2026-07-02T18:35:21.135072235Z [err]              COUNT(DISTINCT sp.payment_id)   AS payment_count,
2026-07-02T18:35:21.135075875Z [err]              MAX(pay.paymentDate)            AS payment_date
2026-07-02T18:35:21.135079595Z [err]          FROM student_payments sp
2026-07-02T18:35:21.135083565Z [err]          JOIN student st ON sp.student_id = st.id
2026-07-02T18:35:21.135087065Z [err]          JOIN payment pay ON sp.payment_id = pay.id
2026-07-02T18:35:21.135091565Z [err]          WHERE pay.status = %s
2026-07-02T18:35:21.135095685Z [err]          GROUP BY st.cartProductId
2026-07-02T18:35:21.135099355Z [err]      ) pa ON pa.cart_product_id = cp.id
2026-07-02T18:35:21.135103135Z [err]      WHERE c.deletedAt IS NULL
2026-07-02T18:35:21.135106315Z [err]      AND cp.deletedAt IS NULL
2026-07-02T18:35:21.135109495Z [err]      AND EXISTS (
2026-07-02T18:35:21.135112595Z [err]          SELECT 1
2026-07-02T18:35:21.135115915Z [err]          FROM payment pay2
2026-07-02T18:35:21.135119535Z [err]          WHERE pay2.cartId = c.id
2026-07-02T18:35:21.135123025Z [err]          AND pay2.status = %s
2026-07-02T18:35:21.135126415Z [err]      )
2026-07-02T18:35:21.135129545Z [err]  ]
2026-07-02T18:35:21.135133135Z [err]  [parameters: (datetime.datetime(2026, 7, 2, 15, 35, 19, 757594), 'Aprobado', 'Aprobado')]
2026-07-02T18:35:21.135136405Z [err]  (Background on this error at: https://sqlalche.me/e/20/e3q8)
2026-07-02T21:35:21.603011566Z [err]  2026-07-02T21:35:19 INFO     apscheduler.executors.default — Running job "run_upsert (trigger: interval[3:00:00], next run at: 2026-07-03 00:35:19 UTC)" (scheduled at 2026-07-02 21:35:19.757175+00:00)
2026-07-02T21:35:21.603014566Z [err]  2026-07-02T21:35:20 ERROR    apscheduler.executors.default — Job "run_upsert (trigger: interval[3:00:00], next run at: 2026-07-03 00:35:19 UTC)" raised an exception
2026-07-02T21:35:21.603017496Z [err]  Traceback (most recent call last):
2026-07-02T21:35:21.603020206Z [err]    File "/usr/local/lib/python3.12/site-packages/aiomysql/connection.py", line 657, in _read_bytes
2026-07-02T21:35:21.603023466Z [err]      data = await self._reader.readexactly(num_bytes)
2026-07-02T21:35:21.603025906Z [err]             ^^^^^^^^^^^^^^^^^^^^^^^^^^^^^^^^^^^^^^^^^
2026-07-02T21:35:21.603028476Z [err]    File "/usr/local/lib/python3.12/asyncio/streams.py", line 750, in readexactly
2026-07-02T21:35:21.603034476Z [err]      raise exceptions.IncompleteReadError(incomplete, n)
2026-07-02T21:35:21.603037466Z [err]  asyncio.exceptions.IncompleteReadError: 0 bytes read on a total of 4 expected bytes
2026-07-02T21:35:21.603039906Z [err]  
2026-07-02T21:35:21.603043676Z [err]  The above exception was the direct cause of the following exception:
2026-07-02T21:35:21.603046856Z [err]  
2026-07-02T21:35:21.603050286Z [err]  Traceback (most recent call last):
2026-07-02T21:35:21.603053226Z [err]    File "/usr/local/lib/python3.12/site-packages/sqlalchemy/engine/base.py", line 1967, in _exec_single_context
2026-07-02T21:35:21.603055916Z [err]      self.dialect.do_execute(
2026-07-02T21:35:21.603058296Z [err]    File "/usr/local/lib/python3.12/site-packages/sqlalchemy/engine/default.py", line 941, in do_execute
2026-07-02T21:35:21.603061466Z [err]      cursor.execute(statement, parameters)
2026-07-02T21:35:21.603142075Z [err]    File "/usr/local/lib/python3.12/site-packages/sqlalchemy/dialects/mysql/aiomysql.py", line 95, in execute
2026-07-02T21:35:21.603451382Z [err]      return self.await_(self._execute_async(operation, parameters))
2026-07-02T21:35:21.603454212Z [err]             ^^^^^^^^^^^^^^^^^^^^^^^^^^^^^^^^^^^^^^^^^^^^^^^^^^^^^^^
2026-07-02T21:35:21.603456792Z [err]    File "/usr/local/lib/python3.12/site-packages/sqlalchemy/util/_concurrency_py3k.py", line 132, in await_only
2026-07-02T21:35:21.603459152Z [err]      return current.parent.switch(awaitable)  # type: ignore[no-any-return,attr-defined] # noqa: E501
2026-07-02T21:35:21.603461682Z [err]             ^^^^^^^^^^^^^^^^^^^^^^^^^^^^^^^^
2026-07-02T21:35:21.603463862Z [err]    File "/usr/local/lib/python3.12/site-packages/sqlalchemy/util/_concurrency_py3k.py", line 196, in greenlet_spawn
2026-07-02T21:35:21.603466412Z [err]      value = await result
2026-07-02T21:35:21.603468982Z [err]              ^^^^^^^^^^^^
2026-07-02T21:35:21.603471462Z [err]    File "/usr/local/lib/python3.12/site-packages/sqlalchemy/dialects/mysql/aiomysql.py", line 104, in _execute_async
2026-07-02T21:35:21.603474712Z [err]      result = await self._cursor.execute(operation, parameters)
2026-07-02T21:35:21.603477012Z [err]               ^^^^^^^^^^^^^^^^^^^^^^^^^^^^^^^^^^^^^^^^^^^^^^^^^
2026-07-02T21:35:21.603479352Z [err]    File "/usr/local/lib/python3.12/site-packages/aiomysql/cursors.py", line 239, in execute
2026-07-02T21:35:21.603481682Z [err]      await self._query(query)
2026-07-02T21:35:21.603483712Z [err]    File "/usr/local/lib/python3.12/site-packages/aiomysql/cursors.py", line 457, in _query
2026-07-02T21:35:21.603486622Z [err]      await conn.query(q)
2026-07-02T21:35:21.603489572Z [err]    File "/usr/local/lib/python3.12/site-packages/aiomysql/connection.py", line 469, in query
2026-07-02T21:35:21.603492122Z [err]      await self._read_query_result(unbuffered=unbuffered)
2026-07-02T21:35:21.603494712Z [err]    File "/usr/local/lib/python3.12/site-packages/aiomysql/connection.py", line 683, in _read_query_result
2026-07-02T21:35:21.605259266Z [err]      await result.read()
2026-07-02T21:35:21.605262346Z [err]    File "/usr/local/lib/python3.12/site-packages/aiomysql/connection.py", line 1164, in read
2026-07-02T21:35:21.605265226Z [err]      first_packet = await self.connection._read_packet()
2026-07-02T21:35:21.605268606Z [err]                     ^^^^^^^^^^^^^^^^^^^^^^^^^^^^^^^^^^^^
2026-07-02T21:35:21.605271806Z [err]    File "/usr/local/lib/python3.12/site-packages/aiomysql/connection.py", line 609, in _read_packet
2026-07-02T21:35:21.605274256Z [err]      packet_header = await self._read_bytes(4)
2026-07-02T21:35:21.605276836Z [err]                      ^^^^^^^^^^^^^^^^^^^^^^^^^
2026-07-02T21:35:21.605279496Z [err]    File "/usr/local/lib/python3.12/site-packages/aiomysql/connection.py", line 661, in _read_bytes
2026-07-02T21:35:21.605281896Z [err]      raise OperationalError(CR.CR_SERVER_LOST, msg) from e
2026-07-02T21:35:21.605284556Z [err]  pymysql.err.OperationalError: (2013, 'Lost connection to MySQL server during query')
2026-07-02T21:35:21.605287046Z [err]  
2026-07-02T21:35:21.605289846Z [err]  The above exception was the direct cause of the following exception:
2026-07-02T21:35:21.605292376Z [err]  
2026-07-02T21:35:21.605295076Z [err]  Traceback (most recent call last):
2026-07-02T21:35:21.605297786Z [err]    File "/usr/local/lib/python3.12/site-packages/apscheduler/executors/base_py3.py", line 30, in run_coroutine_job
2026-07-02T21:35:21.605300866Z [err]      retval = await job.func(*job.args, **job.kwargs)
2026-07-02T21:35:21.605304186Z [err]               ^^^^^^^^^^^^^^^^^^^^^^^^^^^^^^^^^^^^^^^
2026-07-02T21:35:21.605306736Z [err]    File "/app/app/etl/upsert.py", line 568, in run_upsert
2026-07-02T21:35:21.605309426Z [err]      ) = await _extract_all(since)
2026-07-02T21:35:21.605312126Z [err]          ^^^^^^^^^^^^^^^^^^^^^^^^^
2026-07-02T21:35:21.605314706Z [err]    File "/app/app/etl/upsert.py", line 193, in _extract_all
2026-07-02T21:35:21.606156208Z [err]      ) = await asyncio.gather(
2026-07-02T21:35:21.606158588Z [err]          ^^^^^^^^^^^^^^^^^^^^^
2026-07-02T21:35:21.606161698Z [err]    File "/app/app/etl/upsert.py", line 179, in _fetch_mappings
2026-07-02T21:35:21.606175968Z [err]      result = await source.execute(text(query), params)
2026-07-02T21:35:21.606178827Z [err]               ^^^^^^^^^^^^^^^^^^^^^^^^^^^^^^^^^^^^^^^^^
2026-07-02T21:35:21.606181507Z [err]    File "/usr/local/lib/python3.12/site-packages/sqlalchemy/ext/asyncio/session.py", line 461, in execute
2026-07-02T21:35:21.606184017Z [err]      result = await greenlet_spawn(
2026-07-02T21:35:21.606186737Z [err]               ^^^^^^^^^^^^^^^^^^^^^
2026-07-02T21:35:21.606189727Z [err]    File "/usr/local/lib/python3.12/site-packages/sqlalchemy/util/_concurrency_py3k.py", line 201, in greenlet_spawn
2026-07-02T21:35:21.606192857Z [err]      result = context.throw(*sys.exc_info())
2026-07-02T21:35:21.606195557Z [err]               ^^^^^^^^^^^^^^^^^^^^^^^^^^^^^^
2026-07-02T21:35:21.606198037Z [err]    File "/usr/local/lib/python3.12/site-packages/sqlalchemy/orm/session.py", line 2362, in execute
2026-07-02T21:35:21.606200617Z [err]      return self._execute_internal(
2026-07-02T21:35:21.606203227Z [err]             ^^^^^^^^^^^^^^^^^^^^^^^
2026-07-02T21:35:21.606205287Z [err]    File "/usr/local/lib/python3.12/site-packages/sqlalchemy/orm/session.py", line 2256, in _execute_internal
2026-07-02T21:35:21.606207767Z [err]      result = conn.execute(
2026-07-02T21:35:21.606210077Z [err]               ^^^^^^^^^^^^^
2026-07-02T21:35:21.606213247Z [err]    File "/usr/local/lib/python3.12/site-packages/sqlalchemy/engine/base.py", line 1418, in execute
2026-07-02T21:35:21.606215787Z [err]      return meth(
2026-07-02T21:35:21.606218157Z [err]             ^^^^^
2026-07-02T21:35:21.606220317Z [err]    File "/usr/local/lib/python3.12/site-packages/sqlalchemy/sql/elements.py", line 515, in _execute_on_connection
2026-07-02T21:35:21.606905441Z [err]      return connection._execute_clauseelement(
2026-07-02T21:35:21.606907961Z [err]             ^^^^^^^^^^^^^^^^^^^^^^^^^^^^^^^^^^
2026-07-02T21:35:21.606910931Z [err]    File "/usr/local/lib/python3.12/site-packages/sqlalchemy/engine/base.py", line 1640, in _execute_clauseelement
2026-07-02T21:35:21.606913351Z [err]      ret = self._execute_context(
2026-07-02T21:35:21.606916151Z [err]            ^^^^^^^^^^^^^^^^^^^^^^
2026-07-02T21:35:21.606918501Z [err]    File "/usr/local/lib/python3.12/site-packages/sqlalchemy/engine/base.py", line 1846, in _execute_context
2026-07-02T21:35:21.606921241Z [err]      return self._exec_single_context(
2026-07-02T21:35:21.606924151Z [err]             ^^^^^^^^^^^^^^^^^^^^^^^^^^
2026-07-02T21:35:21.606927131Z [err]    File "/usr/local/lib/python3.12/site-packages/sqlalchemy/engine/base.py", line 1986, in _exec_single_context
2026-07-02T21:35:21.606929671Z [err]      self._handle_dbapi_exception(
2026-07-02T21:35:21.606932321Z [err]    File "/usr/local/lib/python3.12/site-packages/sqlalchemy/engine/base.py", line 2355, in _handle_dbapi_exception
2026-07-02T21:35:21.606935721Z [err]      raise sqlalchemy_exception.with_traceback(exc_info[2]) from e
2026-07-02T21:35:21.606938621Z [err]    File "/usr/local/lib/python3.12/site-packages/sqlalchemy/engine/base.py", line 1967, in _exec_single_context
2026-07-02T21:35:21.606941571Z [err]      self.dialect.do_execute(
2026-07-02T21:35:21.606944301Z [err]    File "/usr/local/lib/python3.12/site-packages/sqlalchemy/engine/default.py", line 941, in do_execute
2026-07-02T21:35:21.606946941Z [err]      cursor.execute(statement, parameters)
2026-07-02T21:35:21.606949201Z [err]    File "/usr/local/lib/python3.12/site-packages/sqlalchemy/dialects/mysql/aiomysql.py", line 95, in execute
2026-07-02T21:35:21.606951931Z [err]      return self.await_(self._execute_async(operation, parameters))
2026-07-02T21:35:21.606954501Z [err]             ^^^^^^^^^^^^^^^^^^^^^^^^^^^^^^^^^^^^^^^^^^^^^^^^^^^^^^^
2026-07-02T21:35:21.608028792Z [err]    File "/usr/local/lib/python3.12/site-packages/sqlalchemy/util/_concurrency_py3k.py", line 132, in await_only
2026-07-02T21:35:21.608035111Z [err]      return current.parent.switch(awaitable)  # type: ignore[no-any-return,attr-defined] # noqa: E501
2026-07-02T21:35:21.608038871Z [err]             ^^^^^^^^^^^^^^^^^^^^^^^^^^^^^^^^
2026-07-02T21:35:21.608042831Z [err]    File "/usr/local/lib/python3.12/site-packages/sqlalchemy/util/_concurrency_py3k.py", line 196, in greenlet_spawn
2026-07-02T21:35:21.608046781Z [err]      value = await result
2026-07-02T21:35:21.608050261Z [err]              ^^^^^^^^^^^^
2026-07-02T21:35:21.608055491Z [err]    File "/usr/local/lib/python3.12/site-packages/sqlalchemy/dialects/mysql/aiomysql.py", line 104, in _execute_async
2026-07-02T21:35:21.608059621Z [err]      result = await self._cursor.execute(operation, parameters)
2026-07-02T21:35:21.608063071Z [err]               ^^^^^^^^^^^^^^^^^^^^^^^^^^^^^^^^^^^^^^^^^^^^^^^^^
2026-07-02T21:35:21.608066931Z [err]    File "/usr/local/lib/python3.12/site-packages/aiomysql/cursors.py", line 239, in execute
2026-07-02T21:35:21.608070631Z [err]      await self._query(query)
2026-07-02T21:35:21.608074361Z [err]    File "/usr/local/lib/python3.12/site-packages/aiomysql/cursors.py", line 457, in _query
2026-07-02T21:35:21.608078071Z [err]      await conn.query(q)
2026-07-02T21:35:21.608082451Z [err]    File "/usr/local/lib/python3.12/site-packages/aiomysql/connection.py", line 469, in query
2026-07-02T21:35:21.608086191Z [err]      await self._read_query_result(unbuffered=unbuffered)
2026-07-02T21:35:21.608090381Z [err]    File "/usr/local/lib/python3.12/site-packages/aiomysql/connection.py", line 683, in _read_query_result
2026-07-02T21:35:21.608094241Z [err]      await result.read()
2026-07-02T21:35:21.608097591Z [err]    File "/usr/local/lib/python3.12/site-packages/aiomysql/connection.py", line 1164, in read
2026-07-02T21:35:21.608700345Z [err]      first_packet = await self.connection._read_packet()
2026-07-02T21:35:21.608708705Z [err]                     ^^^^^^^^^^^^^^^^^^^^^^^^^^^^^^^^^^^^
2026-07-02T21:35:21.608713635Z [err]    File "/usr/local/lib/python3.12/site-packages/aiomysql/connection.py", line 609, in _read_packet
2026-07-02T21:35:21.608719985Z [err]      packet_header = await self._read_bytes(4)
2026-07-02T21:35:21.608725985Z [err]                      ^^^^^^^^^^^^^^^^^^^^^^^^^
2026-07-02T21:35:21.608743555Z [err]    File "/usr/local/lib/python3.12/site-packages/aiomysql/connection.py", line 661, in _read_bytes
2026-07-02T21:35:21.608747805Z [err]      raise OperationalError(CR.CR_SERVER_LOST, msg) from e
2026-07-02T21:35:21.608751885Z [err]  sqlalchemy.exc.OperationalError: (pymysql.err.OperationalError) (2013, 'Lost connection to MySQL server during query')
2026-07-02T21:35:21.608755985Z [err]  [SQL: 
2026-07-02T21:35:21.608760524Z [err]      SELECT
2026-07-02T21:35:21.608764904Z [err]          cp.id                               AS cart_product_id,
2026-07-02T21:35:21.608768434Z [err]          cp.total                            AS expected_total,
2026-07-02T21:35:21.608772354Z [err]          cp.cost                             AS expected_cost,
2026-07-02T21:35:21.608777554Z [err]          cp.quantity                         AS quantity,
2026-07-02T21:35:21.608782954Z [err]          cp.discount                         AS discount,
2026-07-02T21:35:21.608788164Z [err]          c.id                                AS cart_id,
2026-07-02T21:35:21.608792474Z [err]          c.bookCommission                    AS book_commission,
2026-07-02T21:35:21.608798314Z [err]          c.examCommission                    AS exam_commission,
2026-07-02T21:35:21.608803094Z [err]          c.createdAt                         AS created_at,
2026-07-02T21:35:21.608808504Z [err]          p.id                                AS product_id,
2026-07-02T21:35:21.610229761Z [err]          p.productType                       AS product_type,
2026-07-02T21:35:21.610243081Z [err]          ec.name                             AS exam_cat_name,
2026-07-02T21:35:21.610247751Z [err]          ec.dateType                         AS exam_date_type,
2026-07-02T21:35:21.610251581Z [err]          s.id                                AS seller_id,
2026-07-02T21:35:21.610256031Z [err]          CONCAT(s.name, ' ', s.lastName)     AS seller_name,
2026-07-02T21:35:21.610260421Z [err]          l.id                                AS lead_id,
2026-07-02T21:35:21.610263581Z [err]          l.name                              AS school_name,
2026-07-02T21:35:21.610266911Z [err]          l.site                              AS site,
2026-07-02T21:35:21.610271461Z [err]          z.name                              AS zone_name,
2026-07-02T21:35:21.610275611Z [err]          la.stateName                        AS state_name,
2026-07-02T21:35:21.610279221Z [err]          la.city                             AS city,
2026-07-02T21:35:21.610365721Z [err]          la.state_names                      AS all_states,
2026-07-02T21:35:21.610370431Z [err]          la.city_names                       AS all_cities,
2026-07-02T21:35:21.610374211Z [err]          COALESCE(pa.paid_total, 0)          AS paid_total,
2026-07-02T21:35:21.610378131Z [err]          COALESCE(pa.student_count, 0)       AS student_count,
2026-07-02T21:35:21.610382681Z [err]          COALESCE(pa.payment_count, 0)       AS payment_count,
2026-07-02T21:35:21.610386961Z [err]          pa.payment_date                     AS payment_date
2026-07-02T21:35:21.610391201Z [err]      FROM (
2026-07-02T21:35:21.610395021Z [err]          SELECT DISTINCT pay.cartId
2026-07-02T21:35:21.610399461Z [err]          FROM payment pay
2026-07-02T21:35:21.610403281Z [err]          WHERE pay.updatedAt > %s
2026-07-02T21:35:21.610408261Z [err]      ) affected
2026-07-02T21:35:21.611294812Z [err]      JOIN cart c ON c.id = affected.cartId
2026-07-02T21:35:21.611300432Z [err]      JOIN cart_product cp ON cp.cartId = c.id
2026-07-02T21:35:21.611303872Z [err]      JOIN product p ON cp.productId = p.id
2026-07-02T21:35:21.611307412Z [err]      LEFT JOIN exam_cat ec ON p.examId = ec.id
2026-07-02T21:35:21.611311102Z [err]      JOIN seller_lead sl ON c.sellerLeadId = sl.id
2026-07-02T21:35:21.611314312Z [err]      JOIN seller s ON sl.sellerId = s.id
2026-07-02T21:35:21.611317862Z [err]      JOIN `lead` l ON sl.leadId = l.id
2026-07-02T21:35:21.611321352Z [err]      LEFT JOIN zone z ON l.zoneId = z.id
2026-07-02T21:35:21.611324972Z [err]      
2026-07-02T21:35:21.611328152Z [err]      LEFT JOIN (
2026-07-02T21:35:21.611331582Z [err]          SELECT
2026-07-02T21:35:21.611334902Z [err]              leadId,
2026-07-02T21:35:21.611390211Z [err]              COALESCE(
2026-07-02T21:35:21.611395451Z [err]                  NULLIF(
2026-07-02T21:35:21.611400711Z [err]                      SUBSTRING_INDEX(
2026-07-02T21:35:21.611406821Z [err]                          GROUP_CONCAT(
2026-07-02T21:35:21.611408701Z [inf]  1
2026-07-02T21:35:21.611413521Z [err]                              CASE WHEN isFavorite = 1 THEN stateName END
2026-07-02T21:35:21.611416021Z [err]                      ),
2026-07-02T21:35:21.611419351Z [err]                              ORDER BY id SEPARATOR '||'
2026-07-02T21:35:21.611422931Z [err]                          ),
2026-07-02T21:35:21.611427651Z [err]                          '||',
2026-07-02T21:35:21.612147335Z [err]                      ''
2026-07-02T21:35:21.612153385Z [err]                  ),
2026-07-02T21:35:21.612157245Z [err]                  SUBSTRING_INDEX(GROUP_CONCAT(stateName ORDER BY id SEPARATOR '||'), '||', 1)
2026-07-02T21:35:21.612160934Z [err]              ) AS stateName,
2026-07-02T21:35:21.612941908Z [err]              COALESCE(
2026-07-02T21:35:21.612944808Z [err]                  NULLIF(
2026-07-02T21:35:21.612947148Z [err]                      SUBSTRING_INDEX(
2026-07-02T21:35:21.612949518Z [err]                          GROUP_CONCAT(
2026-07-02T21:35:21.612951708Z [err]                              CASE WHEN isFavorite = 1 THEN city END
2026-07-02T21:35:21.612954318Z [err]                              ORDER BY id SEPARATOR '||'
2026-07-02T21:35:21.612957108Z [err]                          ),
2026-07-02T21:35:21.612960208Z [err]                          '||',
2026-07-02T21:35:21.612962268Z [inf]  1
2026-07-02T21:35:21.612964408Z [err]                      ),
2026-07-02T21:35:21.612966688Z [err]                      ''
2026-07-02T21:35:21.612969738Z [err]                  ),
2026-07-02T21:35:21.612971928Z [err]                  SUBSTRING_INDEX(GROUP_CONCAT(city ORDER BY id SEPARATOR '||'), '||', 1)
2026-07-02T21:35:21.612974218Z [err]              ) AS city,
2026-07-02T21:35:21.612976238Z [err]              GROUP_CONCAT(DISTINCT stateName ORDER BY stateName SEPARATOR '||') AS state_names,
2026-07-02T21:35:21.612978367Z [err]              GROUP_CONCAT(DISTINCT city ORDER BY city SEPARATOR '||') AS city_names
2026-07-02T21:35:21.612981077Z [err]          FROM lead_address
2026-07-02T21:35:21.612983417Z [err]          WHERE deletedAt IS NULL
2026-07-02T21:35:21.612986097Z [err]          GROUP BY leadId
2026-07-02T21:35:21.612988377Z [err]      ) la ON la.leadId = l.id
2026-07-02T21:35:21.612990897Z [err]  
2026-07-02T21:35:21.612993457Z [err]      LEFT JOIN (
2026-07-02T21:35:21.612995867Z [err]          SELECT
2026-07-02T21:35:21.612998107Z [err]              st.cartProductId                AS cart_product_id,
2026-07-02T21:35:21.613000837Z [err]              COALESCE(SUM(sp.amount), 0)     AS paid_total,
2026-07-02T21:35:21.613003167Z [err]              COUNT(DISTINCT st.id)           AS student_count,
2026-07-02T21:35:21.616257728Z [err]              COUNT(DISTINCT sp.payment_id)   AS payment_count,
2026-07-02T21:35:21.616261378Z [err]              MAX(pay.paymentDate)            AS payment_date
2026-07-02T21:35:21.616264098Z [err]          FROM student_payments sp
2026-07-02T21:35:21.616266678Z [err]          JOIN student st ON sp.student_id = st.id
2026-07-02T21:35:21.616268998Z [err]          JOIN payment pay ON sp.payment_id = pay.id
2026-07-02T21:35:21.616271617Z [err]          WHERE pay.status = %s
2026-07-02T21:35:21.616274037Z [err]          GROUP BY st.cartProductId
2026-07-02T21:35:21.616276397Z [err]      ) pa ON pa.cart_product_id = cp.id
2026-07-02T21:35:21.616278807Z [err]      WHERE c.deletedAt IS NULL
2026-07-02T21:35:21.616281527Z [err]      AND cp.deletedAt IS NULL
2026-07-02T21:35:21.616284067Z [err]      AND EXISTS (
2026-07-02T21:35:21.616286417Z [err]          SELECT 1
2026-07-02T21:35:21.616288887Z [err]          FROM payment pay2
2026-07-02T21:35:21.616291037Z [err]          WHERE pay2.cartId = c.id
2026-07-02T21:35:21.616293237Z [err]          AND pay2.status = %s
2026-07-02T21:35:21.616295427Z [err]      )
2026-07-02T21:35:21.616298017Z [err]  ]
2026-07-02T21:35:21.616300317Z [err]  [parameters: (datetime.datetime(2026, 7, 2, 18, 35, 19, 757954), 'Aprobado', 'Aprobado')]
2026-07-02T21:35:21.616302507Z [err]  (Background on this error at: https://sqlalche.me/e/20/e3q8)
2026-07-02T21:37:52.145713975Z [inf]  INFO:     100.64.0.15:41966 - "GET /por-asesor HTTP/1.1" 200 OK
2026-07-02T21:37:52.145720095Z [inf]  INFO:     100.64.0.6:26068 - "GET /assets/index-C_R6DTKu.css HTTP/1.1" 304 Not Modified
2026-07-02T21:37:52.145724195Z [inf]  INFO:     100.64.0.11:11534 - "GET /assets/index-CPQGqaxo.js HTTP/1.1" 304 Not Modified
2026-07-02T21:37:52.145728985Z [inf]  INFO:     100.64.0.11:11534 - "GET /vite.svg HTTP/1.1" 200 OK
2026-07-02T21:37:52.145732535Z [err]  2026-07-02T21:37:45 INFO     httpx — HTTP Request: GET https://uzuapfxidszsuztrxdlh.supabase.co/auth/v1/user "HTTP/1.1 200 OK"
2026-07-02T21:37:52.145736804Z [err]  2026-07-02T21:37:45 INFO     httpx — HTTP Request: GET https://uzuapfxidszsuztrxdlh.supabase.co/auth/v1/user "HTTP/1.1 200 OK"
2026-07-02T21:37:52.145740484Z [err]  2026-07-02T21:37:45 INFO     httpx — HTTP Request: GET https://uzuapfxidszsuztrxdlh.supabase.co/auth/v1/user "HTTP/1.1 200 OK"